
################################################################################
#
# This file has been generated by SpyGlass:
#     Report Name      : waiver
#     Report Created by: ICer
#     Report Created on:  Fri Sep 25 03:51:17 2026
#     Working Directory: /home/ICer/Labs/SYSTEM/spyglass
#     SpyGlass Version : SpyGlass_vL-2016.06
#     Policy Name      : SpyGlass(SpyGlass_vL-2016.06)
#                        clock-reset(SpyGlass_vL-2016.06)
#
#     Total Number of Generated Messages :         17
#     Number of Waived Messages          :          3
#     Number of Reported Messages        :         14
#     Number of Overlimit Messages       :          0
#
#     Total Number of Waivers                            :          2
#     Number of Waivers Applied                          :          2
#     Number of Waivers with Regex and/or wildcard       :          0
#     Number of Waivers with -rule                       :          2
#     Number of Waivers with line number and/or file info:          0
#     Number of Waive -IP commands                       :          0
#
#
################################################################################

WAIVER REPORT:
+++++++++++++++++++++++++++++++++++++++++++++++++++++++++++++++++++++++++++++++

Design Issues Waiver Report
+++++++++++++++++++++++++++++++++++++++++++++++++++++++++++++++++++++++++++++++

Waiver comment : Created by ICer on 25-Sep-2026 03:50:35
waive -rule "SGDC_cdc_false_path07" 
#spg_backref : "./lint/rdc/rdc_verify_struct/lint_waiver_file.awl" 1

1 message(s) waived:
===============================================================================
Index    Rule                  Severity File        Line Wt Message
===============================================================================
[7]      SGDC_cdc_false_path07 Error    SYSTEM.sgdc 35   10 from_type or to_type are missing for at least one cdc_false_path constraint
===============================================================================

Waiver comment : Created by ICer on 25-Sep-2026 03:50:53
waive -rule "Setup_port01" 
#spg_backref : "./lint/rdc/rdc_verify_struct/lint_waiver_file.awl" 2

2 message(s) waived:
===============================================================================
Index    Rule         Severity File                                                                                  Line Wt Message
===============================================================================
[16]     Setup_port01 Error    ../rtl/SYSTEM_TOP.v                                                                   1    2  Port coverage for top design unit 'SYS_TOP' is: '1' (25.00 %) port(s) not fully constrained
[18]     Setup_port01 Info     ./lint/rdc/rdc_verify_struct/spyglass_reports/clock-reset/SYS_TOP_input_abstract.sgdc 0    2  Abstracted sgdc file for input ports of block 'SYS_TOP' is generated
===============================================================================

