
################################################################################
################################################################################
#
# This file has been generated by SpyGlass:
#     Report Created by: ICer
#     Report Created on: Fri Sep 25 03:46:46 2026
#     Working Directory: /home/ICer/Labs/SYSTEM/spyglass
#     Report Location  : ./lint/cdc/cdc_verify/spyglass_reports/clock-reset/adv_cdc.rpt
#     SpyGlass Version : SpyGlass_vL-2016.06
#     Policy Name      : clock-reset(SpyGlass_vL-2016.06)
#     Comment          : Generated by clock-reset
#
################################################################################


################################################################################
#
# Purpose: 
#   This report contains the functional analysis statistics of a design.
#
# Format: 
#   It contains the following sections :
#   Section A: Clock Information
#     Lists the clock information of the design 
#   Section B: Reset Information
#     Lists the reset information of the design 
#   Section C: Set-Case Analysis Settings
#     Lists the set case analysis settings used in the design 
#   Section D: Initial State of the Design
#     Lists the initial-state statistics of the design along with the 
#     reset percentage. The initial state of each register can be seen 
#     in adv_cdc.reg file.
#   Section E: Results Summary (Current) 
#     Lists the statistics of the assertions formed for each rule.
#     Following is a description of the columns of this table:
#       Passed           - Assertions that prove are listed here
#       Failed           - Assertions that fail are listed here
#       Partially Proved - Assertions that remain unconcluded are listed along
#                          with the average depth of formal analysis
#       Not Analyzed     - This column gets populated in audit mode(-fa_audit)
#       Others           - Lists those assertions for which functional analysis
#                          could not be carried out either due to Conflicting
#                          Constraints or due to some Internal-Error
#   Section F: Results Summary (Cumulative) 
#     Lists the summary of cumulative set of assertions formed in the current 
#     run and the information of earlier runs in the property file. This section 
#     is printed when you specify a property file using the -fa_propfile
#     command-line option.
#   Section G: Assertion Details
#     Lists the assertion details. In case of failures and partially proved 
#     assertions, the depth information is also reported. 
#     The format for this is : 
#       <CycleDepth> (<Depth>) where
#           <CycleDepth> - Number of cycles of the fastest clock till that depth
#           <Depth>      - Verification Depth till which the assertion was evaluated
################################################################################

Section A: Clock Information
=============================

(clock): (period); (clock source); (rising/falling); (edgeList); (no. of flops on posedge); (no. of flops on negedge)
-----------------------------------------------------------------------------------------------------
SYS_TOP.rx_clk: 271.50; SGDC; Rising; (0.0, 135.8); 41; 0
SYS_TOP.tx_clk: 271.50; SGDC; Rising; (0.0, 135.8); 33; 0
SYS_TOP.alu_clk: 20.00; SGDC; Rising; (0.0, 10.0); 17; 0
SYS_TOP.UART_CLK: 271.50; SGDC; Rising; (0.0, 135.8); 24; 2
SYS_TOP.REF_CLK: 20.00; SGDC; Rising; (0.0, 10.0); 245; 0

Design Cycle: 1164

##########################################################################################################


Section B: Resets Information
==============================

(reset) ; (value)
------------------------
SYS_TOP.RST ; Active Low

##########################################################################################################


Section C: Set-Case Analysis Settings
==============================

 No set_case_analysis found

################################################################################

Section D: Initial State of the Design
======================================

Total no of FFs: 363
No of '1's: 4
No of '0's: 359
No of 'x's: 0
RESET PERCENTAGE for root 'SYS_TOP'(363 flops) is '100.00%'

################################################################################

Section E: Results Summary (Current)
====================================

------------------------------------------------------------------------------------------------------------------------
RuleName            Passed         Failed         Partially Proved         Not Analyzed         Others         Total
                                                   (Average Depth) 
------------------------------------------------------------------------------------------------------------------------
Ac_conv02              0              0                   2(200)                 0                 0             2
Ac_cdc01a              0              0                   4(200)                 0                 0             4
Ac_datahold01a         1              0                   0                      0                 0             1
------------------------------------------------------------------------------------------------------------------------
Total                  1              0                   6                      0                 0             7
------------------------------------------------------------------------------------------------------------------------

################################################################################

Section F: Results Summary (Cumulative)
========================================

NOT APPLICABLE (AS NO PROPERTY FILE PASSED)

################################################################################

Section G:  Assertion Details
===============================


RuleName: Ac_conv02 
-----------------------
1. (Hier:SYS_TOP.u_ASYNC_FIFO) SYS_TOP.u_ASYNC_FIFO.rq2_wptr_bin[0], ../rtl/ASYNC_FIFO_TOP.v, 121, :  Partially-Proved through depth 93(200), [Flop-Count:129, Design-Cycle:1164]
2. (Hier:SYS_TOP.u_ASYNC_FIFO) SYS_TOP.u_ASYNC_FIFO.wq2_rptr_bin[0], ../rtl/ASYNC_FIFO_TOP.v, 84, :  Partially-Proved through depth 93(200), [Flop-Count:129, Design-Cycle:1164]

================================================================================

RuleName: Ac_cdc01a 
-----------------------
1. (Hier:SYS_TOP.u_ASYNC_FIFO.sync_w2r) SFlop:SYS_TOP.u_ASYNC_FIFO.wptr_gray[3] SClk:SYS_TOP.REF_CLK DFlop:SYS_TOP.u_ASYNC_FIFO.sync_w2r.shift_reg[3][0] DClk:SYS_TOP.tx_clk, ../rtl/DFFS.v, 25, :  Partially-Proved through depth 93(200), [Flop-Count:136, Design-Cycle:1164]
2. (Hier:SYS_TOP.u_ASYNC_FIFO.sync_w2r) SFlop:SYS_TOP.u_ASYNC_FIFO.wptr_gray[2] SClk:SYS_TOP.REF_CLK DFlop:SYS_TOP.u_ASYNC_FIFO.sync_w2r.shift_reg[2][0] DClk:SYS_TOP.tx_clk, ../rtl/DFFS.v, 25, :  Partially-Proved through depth 93(200), [Flop-Count:136, Design-Cycle:1164]
3. (Hier:SYS_TOP.u_ASYNC_FIFO.sync_w2r) SFlop:SYS_TOP.u_ASYNC_FIFO.wptr_gray[1] SClk:SYS_TOP.REF_CLK DFlop:SYS_TOP.u_ASYNC_FIFO.sync_w2r.shift_reg[1][0] DClk:SYS_TOP.tx_clk, ../rtl/DFFS.v, 25, :  Partially-Proved through depth 93(200), [Flop-Count:136, Design-Cycle:1164]
4. (Hier:SYS_TOP.u_ASYNC_FIFO.sync_w2r) SFlop:SYS_TOP.u_ASYNC_FIFO.wptr_gray[0] SClk:SYS_TOP.REF_CLK DFlop:SYS_TOP.u_ASYNC_FIFO.sync_w2r.shift_reg[0][0] DClk:SYS_TOP.tx_clk, ../rtl/DFFS.v, 25, :  Partially-Proved through depth 93(200), [Flop-Count:136, Design-Cycle:1164]

================================================================================

RuleName: Ac_datahold01a 
-----------------------
1. (Hier:SYS_TOP.u_DATA_SYNC) Des: "SYS_TOP.u_DATA_SYNC.\sync_bus_reg[0] .Q", Src: "SYS_TOP.\uart_rx_p_data_reg_reg[0] .Q", ../rtl/DATA_SYNC.v, 41, :  PROVED

================================================================================

################################################################################

################################################################################
