
################################################################################
#
# This file has been generated by SpyGlass:
#     Report Name      : waiver
#     Report Created by: ICer
#     Report Created on:  Fri Sep 25 03:45:50 2026
#     Working Directory: /home/ICer/Labs/SYSTEM/spyglass
#     SpyGlass Version : SpyGlass_vL-2016.06
#     Policy Name      : SpyGlass(SpyGlass_vL-2016.06)
#                        clock-reset(SpyGlass_vL-2016.06)
#
#     Total Number of Generated Messages :         66
#     Number of Waived Messages          :          1
#     Number of Reported Messages        :         65
#     Number of Overlimit Messages       :          0
#
#     Total Number of Waivers                            :          1
#     Number of Waivers Applied                          :          1
#     Number of Waivers with Regex and/or wildcard       :          0
#     Number of Waivers with -rule                       :          1
#     Number of Waivers with line number and/or file info:          0
#     Number of Waive -IP commands                       :          0
#
#
################################################################################

WAIVER REPORT:
+++++++++++++++++++++++++++++++++++++++++++++++++++++++++++++++++++++++++++++++

Design Issues Waiver Report
+++++++++++++++++++++++++++++++++++++++++++++++++++++++++++++++++++++++++++++++

Waiver comment : Created by ICer on 25-Sep-2026 03:45:21
waive -rule "SGDC_cdc_false_path07" 
#spg_backref : "./lint/cdc/cdc_verify/lint_waiver_file.awl" 1

1 message(s) waived:
===============================================================================
Index    Rule                  Severity File        Line Wt Message
===============================================================================
[7]      SGDC_cdc_false_path07 Error    SYSTEM.sgdc 35   10 from_type or to_type are missing for at least one cdc_false_path constraint
===============================================================================

