################################################################################
#
# This file has been generated by SpyGlass:
#     Report Created by: ICer
#     Report Created on: Fri Sep 25 03:17:17 2026
#     Working Directory: /home/ICer/Labs/SYSTEM/spyglass
#     Report Location  : ./lint/cdc/clock_reset_integrity/spyglass_reports/SpyGlass/elab_summary.rpt
#     SpyGlass Version : SpyGlass_vL-2016.06
#     Policy Name      : SpyGlass(SpyGlass_vL-2016.06)
#     Comment          : This report contains RTL and Elaborated names along with parameter values
#
################################################################################

================================================================================
Elaborated Name: 'RESET_SYNC'
    (RTL Design Unit name: 'RESET_SYNC', ../rtl/RESET_SYNC.v:1)
     Parameters (Total: 1)
         STAGES = 2 (default: 5)
     Instances (Total: 4): SYS_TOP.u_ASYNC_FIFO.sync_rreset, SYS_TOP.u_ASYNC_FIFO.sync_wreset, SYS_TOP.u_RST_SYNC_2, SYS_TOP.u_RST_SYNC_1 

================================================================================

Elaborated Name: 'CLKGATE'
    (RTL Design Unit name: 'CLKGATE', ../rtl/CLKGATE.v:1)
     Parameters (Total: 0)
     Instances (Total: 1): SYS_TOP.u_CLK_GATE 

================================================================================

Elaborated Name: 'CLK_DIV'
    (RTL Design Unit name: 'CLK_DIV', ../rtl/CLK_DIV.v:1)
     Parameters (Total: 0)
     Instances (Total: 2): SYS_TOP.u_CLK_DIV_RX, SYS_TOP.u_CLK_DIV_TX 

================================================================================

Elaborated Name: 'SYS_CTRL'
    (RTL Design Unit name: 'SYS_CTRL', ../rtl/SYS_CTRL.sv:1)
     Parameters (Total: 0)
     Instances (Total: 1): SYS_TOP.u_SYS_CTRL 

================================================================================

Elaborated Name: 'RegisterFile'
    (RTL Design Unit name: 'RegisterFile', ../rtl/RegisterFile.v:1)
     Parameters (Total: 3)
         DATA_WIDTH = 8 (default: 8)
         DATA_DEPTH = 16 (default: 16)
         ADDR_WIDTH = 4 (default: $clog2(DATA_DEPTH))
     Instances (Total: 1): SYS_TOP.u_RegFile 

================================================================================

Elaborated Name: 'ALU_8B'
    (RTL Design Unit name: 'ALU_8B', ../rtl/ALU_8B.v:1)
     Parameters (Total: 0)
     Instances (Total: 1): SYS_TOP.u_ALU 

================================================================================

Elaborated Name: 'UART_RX_TOP'
    (RTL Design Unit name: 'UART_RX_TOP', ../rtl/UART_TOP_RX.v:1)
     Parameters (Total: 0)
     Instances (Total: 1): SYS_TOP.u_UART_RX 

================================================================================

Elaborated Name: 'DATA_SAMPLING'
    (RTL Design Unit name: 'DATA_SAMPLING', ../rtl/DATA_SAMPLING.v:1)
     Parameters (Total: 1)
         OVERSAMPLE = 3 (default: 3)
     Instances (Total: 1): SYS_TOP.u_UART_RX.u_DATA_SAMPLING 

================================================================================

Elaborated Name: 'DESERIALIZER'
    (RTL Design Unit name: 'DESERIALIZER', ../rtl/DESERIALIZER.v:1)
     Parameters (Total: 0)
     Instances (Total: 1): SYS_TOP.u_UART_RX.u_DESERIALIZER 

================================================================================

Elaborated Name: 'EDGE_COUNTER'
    (RTL Design Unit name: 'EDGE_COUNTER', ../rtl/EDGE_COUNTER.v:1)
     Parameters (Total: 0)
     Instances (Total: 1): SYS_TOP.u_UART_RX.u_EDGE_COUNTER 

================================================================================

Elaborated Name: 'PARITY_CHECKER'
    (RTL Design Unit name: 'PARITY_CHECKER', ../rtl/PARITY_CHECKER.v:1)
     Parameters (Total: 0)
     Instances (Total: 1): SYS_TOP.u_UART_RX.u_PARITY_CHECKER 

================================================================================

Elaborated Name: 'START_CHECKER'
    (RTL Design Unit name: 'START_CHECKER', ../rtl/START_CHECKER.v:1)
     Parameters (Total: 0)
     Instances (Total: 1): SYS_TOP.u_UART_RX.u_START_CHECKER 

================================================================================

Elaborated Name: 'STOP_CHECKER'
    (RTL Design Unit name: 'STOP_CHECKER', ../rtl/STOP_CHECKER.v:1)
     Parameters (Total: 0)
     Instances (Total: 1): SYS_TOP.u_UART_RX.u_STOP_CHECKER 

================================================================================

Elaborated Name: 'RX_FSM'
    (RTL Design Unit name: 'RX_FSM', ../rtl/RX_FSM.sv:1)
     Parameters (Total: 0)
     Instances (Total: 1): SYS_TOP.u_UART_RX.u_RX_FSM 

================================================================================

Elaborated Name: 'DATA_SYNC'
    (RTL Design Unit name: 'DATA_SYNC', ../rtl/DATA_SYNC.v:1)
     Parameters (Total: 2)
         STAGES    = 2 (default: 5)
         BUS_WIDTH = 8 (default: 8)
     Instances (Total: 1): SYS_TOP.u_DATA_SYNC 

================================================================================

Elaborated Name: 'ASYNC_FIFO_TOP'
    (RTL Design Unit name: 'ASYNC_FIFO_TOP', ../rtl/ASYNC_FIFO_TOP.v:1)
     Parameters (Total: 4)
         DATA_WIDTH = 8 (default: 8)
         ADDR       = 8 (default: 8)
         PTR_WIDTH  = 4 (default: ($clog2(ADDR) + 1))
         ADDR_WIDTH = 3 (default: $clog2(ADDR))
     Instances (Total: 1): SYS_TOP.u_ASYNC_FIFO 

================================================================================

Elaborated Name: 'FIFO_WR'
    (RTL Design Unit name: 'FIFO_WR', ../rtl/FIFO_WR.v:1)
     Parameters (Total: 2)
         ADDR = 8 (default: 8)
         N    = 3 (default: $clog2(ADDR))
     Instances (Total: 1): SYS_TOP.u_ASYNC_FIFO.wr_logic 

================================================================================

Elaborated Name: 'B2G'
    (RTL Design Unit name: 'B2G', ../rtl/B2G.v:1)
     Parameters (Total: 1)
         DATA_WIDTH = 4 (default: 8)
     Instances (Total: 2): SYS_TOP.u_ASYNC_FIFO.b2g_rptr, SYS_TOP.u_ASYNC_FIFO.b2g_wptr 

================================================================================

Elaborated Name: 'DFFS'
    (RTL Design Unit name: 'DFFS', ../rtl/DFFS.v:1)
     Parameters (Total: 2)
         STAGES     = 2 (default: 2)
         DATA_WIDTH = 4 (default: 8)
     Instances (Total: 2): SYS_TOP.u_ASYNC_FIFO.sync_w2r, SYS_TOP.u_ASYNC_FIFO.sync_r2w 

================================================================================

Elaborated Name: 'G2B'
    (RTL Design Unit name: 'G2B', ../rtl/G2B.v:1)
     Parameters (Total: 1)
         DATA_WIDTH = 4 (default: 8)
     Instances (Total: 2): SYS_TOP.u_ASYNC_FIFO.g2b_wptr, SYS_TOP.u_ASYNC_FIFO.g2b_rptr 

================================================================================

Elaborated Name: 'FIFO_RD'
    (RTL Design Unit name: 'FIFO_RD', ../rtl/FIFO_RD.v:1)
     Parameters (Total: 2)
         ADDR = 8 (default: 8)
         N    = 3 (default: $clog2(ADDR))
     Instances (Total: 1): SYS_TOP.u_ASYNC_FIFO.rd_logic 

================================================================================

Elaborated Name: 'FIFO_MEM'
    (RTL Design Unit name: 'FIFO_MEM', ../rtl/FIFO_MEM.v:1)
     Parameters (Total: 2)
         DATA_WIDTH = 8 (default: 8)
         ADDR       = 8 (default: 8)
     Instances (Total: 1): SYS_TOP.u_ASYNC_FIFO.memory_core 

================================================================================

Elaborated Name: 'UART_TOP_TX'
    (RTL Design Unit name: 'UART_TOP_TX', ../rtl/UART_TOP_TX.v:2)
     Parameters (Total: 0)
     Instances (Total: 1): SYS_TOP.u_UART_TX 

================================================================================

Elaborated Name: 'Serializer'
    (RTL Design Unit name: 'Serializer', ../rtl/Serializer.v:2)
     Parameters (Total: 0)
     Instances (Total: 1): SYS_TOP.u_UART_TX.Ser 

================================================================================

Elaborated Name: 'MUX'
    (RTL Design Unit name: 'MUX', ../rtl/MUX.v:2)
     Parameters (Total: 0)
     Instances (Total: 1): SYS_TOP.u_UART_TX.mux 

================================================================================

Elaborated Name: 'Parity'
    (RTL Design Unit name: 'Parity', ../rtl/Parity.v:2)
     Parameters (Total: 0)
     Instances (Total: 1): SYS_TOP.u_UART_TX.par 

================================================================================

Elaborated Name: 'FSM'
    (RTL Design Unit name: 'FSM', ../rtl/FSM.sv:2)
     Parameters (Total: 0)
     Instances (Total: 1): SYS_TOP.u_UART_TX.fsm 

================================================================================

Elaborated Name: 'PULSE_GEN'
    (RTL Design Unit name: 'PULSE_GEN', ../rtl/PulseGen.v:1)
     Parameters (Total: 0)
     Instances (Total: 1): SYS_TOP.u_Pulse 

================================================================================

Elaborated Name: 'SYS_TOP'
    (RTL Design Unit name: 'SYS_TOP', ../rtl/SYSTEM_TOP.v:1)
     Parameters (Total: 0)
================================================================================
