
################################################################################
#
# This file has been generated by SpyGlass:
#     Report Name      : moresimple
#     Report Created by: ICer
#     Report Created on:  Fri Sep 25 03:17:16 2026
#     Working Directory: /home/ICer/Labs/SYSTEM/spyglass
#     SpyGlass Version : SpyGlass_vL-2016.06
#     Policy Name      : SpyGlass(SpyGlass_vL-2016.06)
#                        clock-reset(SpyGlass_vL-2016.06)
#                        timing(SpyGlass_vL-2016.06)
#
#     Total Number of Generated Messages :         15
#     Number of Waived Messages          :          3
#     Number of Reported Messages        :         12
#     Number of Overlimit Messages       :          0
#
#
################################################################################

+++++++++++++++++++++++++++++++++++++++++++++++++++++++++++++++++++++++
MORESIMPLE REPORT:


############### BuiltIn -> RuleGroup=Command-line read ###############
+++++++++++++++++++++++++++++++++++++++++++++++++++++++++++++++++++++++++++++++++++++++
ID       Rule                  Alias                  Severity    File    Line    Wt    Message
======================================================================================
[0]      checkCMD_dirfile03    NonExistenceFileDir    Warning     N.A.    0       10    Option '+incdir': Directory specification ''../rtl'' does not exists. Reason:No such file or directory
[1]      checkCMD_dirfile03    NonExistenceFileDir    Warning     N.A.    0       10    Option '+incdir': Directory specification ''./rtl'' does not exists. Reason:No such file or directory
[3]      CMD_sglib03           SglibUnused            Info        N.A     -1      10    No Cell has been used in design from sglib file './lint/spyglass_cache/autogenerated_sglib/aggregate.sglib'
+++++++++++++++++++++++++++++++++++++++++++++++++++++++++++++++++++++++++++++++++++++++


############### BuiltIn -> RuleGroup=Design Read ###############
+++++++++++++++++++++++++++++++++++++++++++++++++++++++++++++++++++++++++++++++++++++++
ID       Rule                    Alias                   Severity    File                                                                           Line    Wt    Message
======================================================================================
[4]      DetectTopDesignUnits    DetectTopDesignUnits    Info        ../rtl/SYSTEM_TOP.v                                                            1       2     Module SYS_TOP is a top level design unit
[2]      ElabSummary             ElabSummary             Info        ./lint/cdc/clock_reset_integrity/spyglass_reports/SpyGlass/elab_summary.rpt    0       2     Please refer file './lint/cdc/clock_reset_integrity/spyglass_reports/SpyGlass/elab_summary.rpt' for elab summary report
[7]      Info_Case_Analysis      showSimVal              Info        ../rtl/SYSTEM_TOP.v                                                            1       10    Information for set_case_analysis value propagation for design 'SYS_TOP' is displayed
+++++++++++++++++++++++++++++++++++++++++++++++++++++++++++++++++++++++++++++++++++++++


############### Non-BuiltIn -> Goal=cdc/clock_reset_integrity ###############
+++++++++++++++++++++++++++++++++++++++++++++++++++++++++++++++++++++++++++++++++++++++
ID       Rule                  Alias    Severity    File                      Line    Wt    Message
======================================================================================
[C]      Clock_glitch04                 Warning     ../rtl/DATA_SAMPLING.v    24      2     Flop SYS_TOP.sync_clk_div_en_ff2 and Flop SYS_TOP.u_RegFile.mem[2][2] are converging through combinational logic to clock of Flop samples[0]
[B]      Clock_glitch04                 Warning     ../rtl/RESET_SYNC.v       18      2     Flop SYS_TOP.sync_clk_div_en_ff2 and Flop SYS_TOP.u_RegFile.mem[3][0] are converging through combinational logic to clock of Flop shift_reg[0]
[D]      Clock_Reset_info01             Info        N.A.                      0       2     Clock-Reset Matrix information generated for Clock-Reset-Summary report
[5]      Propagate_Clocks               Info        ../rtl/SYSTEM_TOP.v       18      2     For SYS_TOP, clock(s) 'SYS_TOP.REF_CLK,SYS_TOP.alu_clk' of domain 'CLKREF_DOMAIN' propagated
[6]      Propagate_Clocks               Info        ../rtl/SYSTEM_TOP.v       20      2     For SYS_TOP, clock(s) 'SYS_TOP.UART_CLK,SYS_TOP.tx_clk,SYS_TOP.rx_clk' of domain 'CLKUART_DOMAIN' propagated
[A]      Propagate_Resets               Info        ../rtl/SYSTEM_TOP.v       4       2     For SYS_TOP, reset 'SYS_TOP.RST' propagated
+++++++++++++++++++++++++++++++++++++++++++++++++++++++++++++++++++++++++++++++++++++++
