
################################################################################
#
# This file has been generated by SpyGlass:
#     Report Name      : waiver
#     Report Created by: ICer
#     Report Created on:  Fri Sep 25 03:17:16 2026
#     Working Directory: /home/ICer/Labs/SYSTEM/spyglass
#     SpyGlass Version : SpyGlass_vL-2016.06
#     Policy Name      : SpyGlass(SpyGlass_vL-2016.06)
#                        clock-reset(SpyGlass_vL-2016.06)
#                        timing(SpyGlass_vL-2016.06)
#
#     Total Number of Generated Messages :         15
#     Number of Waived Messages          :          3
#     Number of Reported Messages        :         12
#     Number of Overlimit Messages       :          0
#
#     Total Number of Waivers                            :          2
#     Number of Waivers Applied                          :          2
#     Number of Waivers with Regex and/or wildcard       :          0
#     Number of Waivers with -rule                       :          2
#     Number of Waivers with line number and/or file info:          0
#     Number of Waive -IP commands                       :          0
#
#
################################################################################

WAIVER REPORT:
+++++++++++++++++++++++++++++++++++++++++++++++++++++++++++++++++++++++++++++++

Design Issues Waiver Report
+++++++++++++++++++++++++++++++++++++++++++++++++++++++++++++++++++++++++++++++

Waiver comment : Created by ICer on 25-Sep-2026 03:05:16
waive -rule "Clock_check01" 
#spg_backref : "./lint/cdc/clock_reset_integrity/lint_waiver_file.awl" 1

2 message(s) waived:
===============================================================================
Index    Rule          Severity File             Line Wt Message
===============================================================================
[8]      Clock_check01 Warning  ../rtl/CLK_DIV.v 60   2  Unexpected XOR gate (at SYS_TOP.rx_clk) in clock tree of flop (output net SYS_TOP.u_UART_RX.u_DATA_SAMPLING.samples[0])
[9]      Clock_check01 Warning  ../rtl/CLK_DIV.v 60   2  Unexpected XOR gate (at SYS_TOP.tx_clk) in clock tree of flop (output net SYS_TOP.u_ASYNC_FIFO.sync_rreset.shift_reg[0])
===============================================================================

Waiver comment : Created by ICer on 25-Sep-2026 03:05:39
waive -rule "Clock_check04" 
#spg_backref : "./lint/cdc/clock_reset_integrity/lint_waiver_file.awl" 2

1 message(s) waived:
===============================================================================
Index    Rule          Severity File             Line Wt Message
===============================================================================
[E]      Clock_check04 Warning  ../rtl/CLK_DIV.v 48   10 Recommended edge (positive) of clock 'SYS_TOP.UART_CLK' not used
===============================================================================

