
                           Design Compiler Graphical 
                                 DC Ultra (TM)
                                  DFTMAX (TM)
                              Power Compiler (TM)
                                 DesignWare (R)
                                 DC Expert (TM)
                               Design Vision (TM)
                               HDL Compiler (TM)
                               VHDL Compiler (TM)
                                  DFT Compiler
                               Design Compiler(R)

               Version O-2018.06-SP1 for linux64 - Jul 19, 2018 

                    Copyright (c) 1988 - 2018 Synopsys, Inc.
   This software and the associated documentation are proprietary to Synopsys,
 Inc. This software may only be used in accordance with the terms and conditions
 of a written license agreement with Synopsys, Inc. All other use, reproduction,
            or distribution of this software is strictly prohibited.
Initializing...
Initializing gui preferences from file  /home/ICer/.synopsys_dv_prefs.tcl
file mkdir netlists sdf sdc reports
########################### Define Top Module ############################
set top_module SYS_TOP
SYS_TOP
##################### Define Working Library Directory ######################
define_design_lib work -path ./work
1
############################# Formality Setup File ##########################
set_svf $top_module.svf
1
set_svf -off
1
################## Design Compiler Library Files #setup ######################
puts "###########################################"
###########################################
puts "#      #setting Design Libraries          #"
#      #setting Design Libraries          #
puts "###########################################"
###########################################
#Add the path of the libraries to the search_path variable
lappend search_path /home/ICer/tsmc_fb_cl013g_sc/aci/sc-m/synopsys
. /home/synopsys/syn/O-2018.06-SP1/libraries/syn /home/synopsys/syn/O-2018.06-SP1/minpower/syn /home/synopsys/syn/O-2018.06-SP1/dw/syn_ver /home/synopsys/syn/O-2018.06-SP1/dw/sim_ver /home/ICer/tsmc_fb_cl013g_sc/aci/sc-m/synopsys
# Add the path of the libraries to the search_path variable
lappend search_path /home/ICer/Labs/SYSTEM/std_cells
. /home/synopsys/syn/O-2018.06-SP1/libraries/syn /home/synopsys/syn/O-2018.06-SP1/minpower/syn /home/synopsys/syn/O-2018.06-SP1/dw/syn_ver /home/synopsys/syn/O-2018.06-SP1/dw/sim_ver /home/ICer/tsmc_fb_cl013g_sc/aci/sc-m/synopsys /home/ICer/Labs/SYSTEM/std_cells
lappend search_path /home/ICer/Labs/SYSTEM/rtl
. /home/synopsys/syn/O-2018.06-SP1/libraries/syn /home/synopsys/syn/O-2018.06-SP1/minpower/syn /home/synopsys/syn/O-2018.06-SP1/dw/syn_ver /home/synopsys/syn/O-2018.06-SP1/dw/sim_ver /home/ICer/tsmc_fb_cl013g_sc/aci/sc-m/synopsys /home/ICer/Labs/SYSTEM/std_cells /home/ICer/Labs/SYSTEM/rtl
set SSLIB "scmetro_tsmc_cl013g_rvt_ss_1p08v_125c.db"
scmetro_tsmc_cl013g_rvt_ss_1p08v_125c.db
set TTLIB "scmetro_tsmc_cl013g_rvt_tt_1p2v_25c.db"
scmetro_tsmc_cl013g_rvt_tt_1p2v_25c.db
set FFLIB "scmetro_tsmc_cl013g_rvt_ff_1p32v_m40c.db"
scmetro_tsmc_cl013g_rvt_ff_1p32v_m40c.db
## Standard Cell libraries 
set target_library [list $SSLIB $TTLIB $FFLIB]
scmetro_tsmc_cl013g_rvt_ss_1p08v_125c.db scmetro_tsmc_cl013g_rvt_tt_1p2v_25c.db scmetro_tsmc_cl013g_rvt_ff_1p32v_m40c.db
## Standard Cell & Hard Macros libraries 
set link_library [list * $SSLIB $TTLIB $FFLIB]  
* scmetro_tsmc_cl013g_rvt_ss_1p08v_125c.db scmetro_tsmc_cl013g_rvt_tt_1p2v_25c.db scmetro_tsmc_cl013g_rvt_ff_1p32v_m40c.db
######################## Reading RTL Files #################################
puts "###########################################"
###########################################
puts "#             Reading RTL Files           #"
#             Reading RTL Files           #
puts "###########################################"
###########################################
set file_format sverilog
sverilog
set fh [open system.lst r]
file11
set rtl [read $fh]
uart_tx_defines.v
ALU_8B.v
ASYNC_FIFO_TOP.v
B2G.v
CLK_DIV.v
CLKGATE.v
DATA_SAMPLING.v
DATA_SYNC.v
DESERIALIZER.v
DFFS.v
EDGE_COUNTER.v
FIFO_MEM.v
FIFO_RD.v
FIFO_WR.v
FSM.sv
G2B.v
MUX.v
Parity.v
PARITY_CHECKER.v
PulseGen.v
RegisterFile.v
RESET_SYNC.v
RX_FSM.sv
Serializer.v
START_CHECKER.v
STOP_CHECKER.v
SYS_CTRL.sv
UART_TOP_RX.v
UART_TOP_TX.v
SYSTEM_TOP.v

set designs ""
regsub -all "\n" $rtl " " designs
30
analyze -format sverilog $designs
Running PRESTO HDLC
Compiling source file /home/ICer/Labs/SYSTEM/rtl/uart_tx_defines.v
Compiling source file /home/ICer/Labs/SYSTEM/rtl/ALU_8B.v
Compiling source file /home/ICer/Labs/SYSTEM/rtl/ASYNC_FIFO_TOP.v
Compiling source file /home/ICer/Labs/SYSTEM/rtl/B2G.v
Compiling source file /home/ICer/Labs/SYSTEM/rtl/CLK_DIV.v
Compiling source file /home/ICer/Labs/SYSTEM/rtl/CLKGATE.v
Compiling source file /home/ICer/Labs/SYSTEM/rtl/DATA_SAMPLING.v
Compiling source file /home/ICer/Labs/SYSTEM/rtl/DATA_SYNC.v
Compiling source file /home/ICer/Labs/SYSTEM/rtl/DESERIALIZER.v
Compiling source file /home/ICer/Labs/SYSTEM/rtl/DFFS.v
Compiling source file /home/ICer/Labs/SYSTEM/rtl/EDGE_COUNTER.v
Compiling source file /home/ICer/Labs/SYSTEM/rtl/FIFO_MEM.v
Compiling source file /home/ICer/Labs/SYSTEM/rtl/FIFO_RD.v
Compiling source file /home/ICer/Labs/SYSTEM/rtl/FIFO_WR.v
Compiling source file /home/ICer/Labs/SYSTEM/rtl/FSM.sv
Opening include file /home/ICer/Labs/SYSTEM/rtl/uart_tx_defines.v
Compiling source file /home/ICer/Labs/SYSTEM/rtl/G2B.v
Compiling source file /home/ICer/Labs/SYSTEM/rtl/MUX.v
Opening include file /home/ICer/Labs/SYSTEM/rtl/uart_tx_defines.v
Compiling source file /home/ICer/Labs/SYSTEM/rtl/Parity.v
Opening include file /home/ICer/Labs/SYSTEM/rtl/uart_tx_defines.v
Compiling source file /home/ICer/Labs/SYSTEM/rtl/PARITY_CHECKER.v
Compiling source file /home/ICer/Labs/SYSTEM/rtl/PulseGen.v
Compiling source file /home/ICer/Labs/SYSTEM/rtl/RegisterFile.v
Compiling source file /home/ICer/Labs/SYSTEM/rtl/RESET_SYNC.v
Compiling source file /home/ICer/Labs/SYSTEM/rtl/RX_FSM.sv
Compiling source file /home/ICer/Labs/SYSTEM/rtl/Serializer.v
Opening include file /home/ICer/Labs/SYSTEM/rtl/uart_tx_defines.v
Compiling source file /home/ICer/Labs/SYSTEM/rtl/START_CHECKER.v
Compiling source file /home/ICer/Labs/SYSTEM/rtl/STOP_CHECKER.v
Compiling source file /home/ICer/Labs/SYSTEM/rtl/SYS_CTRL.sv
Compiling source file /home/ICer/Labs/SYSTEM/rtl/UART_TOP_RX.v
Compiling source file /home/ICer/Labs/SYSTEM/rtl/UART_TOP_TX.v
Opening include file /home/ICer/Labs/SYSTEM/rtl/uart_tx_defines.v
Compiling source file /home/ICer/Labs/SYSTEM/rtl/SYSTEM_TOP.v
Presto compilation completed successfully.
Loading db file '/home/ICer/tsmc_fb_cl013g_sc/aci/sc-m/synopsys/scmetro_tsmc_cl013g_rvt_ss_1p08v_125c.db'
Loading db file '/home/ICer/tsmc_fb_cl013g_sc/aci/sc-m/synopsys/scmetro_tsmc_cl013g_rvt_tt_1p2v_25c.db'
Loading db file '/home/ICer/tsmc_fb_cl013g_sc/aci/sc-m/synopsys/scmetro_tsmc_cl013g_rvt_ff_1p32v_m40c.db'
1
elaborate $top_module
Loading db file '/home/synopsys/syn/O-2018.06-SP1/libraries/syn/gtech.db'
Loading db file '/home/synopsys/syn/O-2018.06-SP1/libraries/syn/standard.sldb'
  Loading link library 'scmetro_tsmc_cl013g_rvt_ss_1p08v_125c'
  Loading link library 'scmetro_tsmc_cl013g_rvt_tt_1p2v_25c'
  Loading link library 'scmetro_tsmc_cl013g_rvt_ff_1p32v_m40c'
  Loading link library 'gtech'
Running PRESTO HDLC

Inferred memory devices in process
	in routine SYS_TOP line 104 in file
		'/home/ICer/Labs/SYSTEM/rtl/SYSTEM_TOP.v'.
===================================================================================
|      Register Name      |   Type    | Width | Bus | MB | AR | AS | SR | SS | ST |
===================================================================================
| sync_clk_div_en_ff2_reg | Flip-flop |   1   |  N  | N  | Y  | N  | N  | N  | N  |
| sync_clk_div_en_ff1_reg | Flip-flop |   1   |  N  | N  | Y  | N  | N  | N  | N  |
===================================================================================

Inferred memory devices in process
	in routine SYS_TOP line 117 in file
		'/home/ICer/Labs/SYSTEM/rtl/SYSTEM_TOP.v'.
==================================================================================
|     Register Name      |   Type    | Width | Bus | MB | AR | AS | SR | SS | ST |
==================================================================================
| uart_rx_p_data_reg_reg | Flip-flop |   8   |  Y  | N  | Y  | N  | N  | N  | N  |
| uart_rx_valid_reg_reg  | Flip-flop |   1   |  N  | N  | Y  | N  | N  | N  | N  |
==================================================================================
Presto compilation completed successfully.
Elaborated 1 design.
Current design is now 'SYS_TOP'.
Information: Building the design 'RESET_SYNC' instantiated from design 'SYS_TOP' with
	the parameters "STAGES=2". (HDL-193)

Inferred memory devices in process
	in routine RESET_SYNC_STAGES2 line 9 in file
		'/home/ICer/Labs/SYSTEM/rtl/RESET_SYNC.v'.
===============================================================================
|    Register Name    |   Type    | Width | Bus | MB | AR | AS | SR | SS | ST |
===============================================================================
|    shift_reg_reg    | Flip-flop |   2   |  Y  | N  | Y  | N  | N  | N  | N  |
===============================================================================
Presto compilation completed successfully.
Information: Building the design 'CLK_DIV'. (HDL-193)

Inferred memory devices in process
	in routine CLK_DIV line 22 in file
		'/home/ICer/Labs/SYSTEM/rtl/CLK_DIV.v'.
===============================================================================
|    Register Name    |   Type    | Width | Bus | MB | AR | AS | SR | SS | ST |
===============================================================================
|     t2_pos_reg      | Flip-flop |   1   |  N  | N  | Y  | N  | N  | N  | N  |
|       cnt_reg       | Flip-flop |   8   |  Y  | N  | Y  | N  | N  | N  | N  |
|       t1_reg        | Flip-flop |   1   |  N  | N  | Y  | N  | N  | N  | N  |
===============================================================================

Inferred memory devices in process
	in routine CLK_DIV line 48 in file
		'/home/ICer/Labs/SYSTEM/rtl/CLK_DIV.v'.
===============================================================================
|    Register Name    |   Type    | Width | Bus | MB | AR | AS | SR | SS | ST |
===============================================================================
|     t2_neg_reg      | Flip-flop |   1   |  N  | N  | Y  | N  | N  | N  | N  |
===============================================================================
Presto compilation completed successfully.
Information: Building the design 'SYS_CTRL'. (HDL-193)

Statistics for case statements in always block at line 72 in file
	'/home/ICer/Labs/SYSTEM/rtl/SYS_CTRL.sv'
===============================================
|           Line           |  full/ parallel  |
===============================================
|            86            |    auto/auto     |
|            89            |    auto/auto     |
===============================================

Inferred memory devices in process
	in routine SYS_CTRL line 49 in file
		'/home/ICer/Labs/SYSTEM/rtl/SYS_CTRL.sv'.
===============================================================================
|    Register Name    |   Type    | Width | Bus | MB | AR | AS | SR | SS | ST |
===============================================================================
|   alu_fun_reg_reg   | Flip-flop |   4   |  Y  | N  | Y  | N  | N  | N  | N  |
|  current_state_reg  | Flip-flop |   4   |  Y  | N  | Y  | N  | N  | N  | N  |
|    addr_reg_reg     | Flip-flop |   4   |  Y  | N  | Y  | N  | N  | N  | N  |
===============================================================================
Presto compilation completed successfully.
Information: Building the design 'RegisterFile' instantiated from design 'SYS_TOP' with
	the parameters "DATA_WIDTH=8,DATA_DEPTH=16,ADDR_WIDTH=4". (HDL-193)

Inferred memory devices in process
	in routine RegisterFile_DATA_WIDTH8_DATA_DEPTH16_ADDR_WIDTH4 line 30 in file
		'/home/ICer/Labs/SYSTEM/rtl/RegisterFile.v'.
===============================================================================
|    Register Name    |   Type    | Width | Bus | MB | AR | AS | SR | SS | ST |
===============================================================================
|       mem_reg       | Flip-flop |  125  |  Y  | N  | Y  | N  | N  | N  | N  |
|       mem_reg       | Flip-flop |   3   |  Y  | N  | N  | Y  | N  | N  | N  |
|  RdData_Valid_reg   | Flip-flop |   1   |  N  | N  | Y  | N  | N  | N  | N  |
|     RdData_reg      | Flip-flop |   8   |  Y  | N  | Y  | N  | N  | N  | N  |
===============================================================================
Statistics for MUX_OPs
==========================================================================================
|                   block name/line                    | Inputs | Outputs | # sel inputs |
==========================================================================================
| RegisterFile_DATA_WIDTH8_DATA_DEPTH16_ADDR_WIDTH4/48 |   16   |    8    |      4       |
==========================================================================================
Presto compilation completed successfully.
Information: Building the design 'ALU_8B'. (HDL-193)

Statistics for case statements in always block at line 22 in file
	'/home/ICer/Labs/SYSTEM/rtl/ALU_8B.v'
===============================================
|           Line           |  full/ parallel  |
===============================================
|            33            |    auto/auto     |
===============================================

Inferred memory devices in process
	in routine ALU_8B line 118 in file
		'/home/ICer/Labs/SYSTEM/rtl/ALU_8B.v'.
===============================================================================
|    Register Name    |   Type    | Width | Bus | MB | AR | AS | SR | SS | ST |
===============================================================================
|      Valid_reg      | Flip-flop |   1   |  N  | N  | Y  | N  | N  | N  | N  |
|     ALU_OUT_reg     | Flip-flop |  16   |  Y  | N  | Y  | N  | N  | N  | N  |
===============================================================================
Presto compilation completed successfully.
Information: Building the design 'UART_RX_TOP'. (HDL-193)
Presto compilation completed successfully.
Information: Building the design 'DATA_SYNC' instantiated from design 'SYS_TOP' with
	the parameters "STAGES=2,BUS_WIDTH=8". (HDL-193)

Inferred memory devices in process
	in routine DATA_SYNC_STAGES2_BUS_WIDTH8 line 13 in file
		'/home/ICer/Labs/SYSTEM/rtl/DATA_SYNC.v'.
===============================================================================
|    Register Name    |   Type    | Width | Bus | MB | AR | AS | SR | SS | ST |
===============================================================================
|    shift_reg_reg    | Flip-flop |   2   |  Y  | N  | Y  | N  | N  | N  | N  |
===============================================================================

Inferred memory devices in process
	in routine DATA_SYNC_STAGES2_BUS_WIDTH8 line 26 in file
		'/home/ICer/Labs/SYSTEM/rtl/DATA_SYNC.v'.
===============================================================================
|    Register Name    |   Type    | Width | Bus | MB | AR | AS | SR | SS | ST |
===============================================================================
|   en_out_del_reg    | Flip-flop |   1   |  N  | N  | Y  | N  | N  | N  | N  |
===============================================================================

Inferred memory devices in process
	in routine DATA_SYNC_STAGES2_BUS_WIDTH8 line 34 in file
		'/home/ICer/Labs/SYSTEM/rtl/DATA_SYNC.v'.
===============================================================================
|    Register Name    |   Type    | Width | Bus | MB | AR | AS | SR | SS | ST |
===============================================================================
|    sync_bus_reg     | Flip-flop |   8   |  Y  | N  | Y  | N  | N  | N  | N  |
|  enable_pulse_reg   | Flip-flop |   1   |  N  | N  | Y  | N  | N  | N  | N  |
===============================================================================
Presto compilation completed successfully.
Information: Building the design 'ASYNC_FIFO_TOP' instantiated from design 'SYS_TOP' with
	the parameters "DATA_WIDTH=8,ADDR=8". (HDL-193)

Inferred memory devices in process
	in routine ASYNC_FIFO_TOP_DATA_WIDTH8_ADDR8 line 67 in file
		'/home/ICer/Labs/SYSTEM/rtl/ASYNC_FIFO_TOP.v'.
===============================================================================
|    Register Name    |   Type    | Width | Bus | MB | AR | AS | SR | SS | ST |
===============================================================================
|    wptr_gray_reg    | Flip-flop |   4   |  Y  | N  | Y  | N  | N  | N  | N  |
===============================================================================

Inferred memory devices in process
	in routine ASYNC_FIFO_TOP_DATA_WIDTH8_ADDR8 line 104 in file
		'/home/ICer/Labs/SYSTEM/rtl/ASYNC_FIFO_TOP.v'.
===============================================================================
|    Register Name    |   Type    | Width | Bus | MB | AR | AS | SR | SS | ST |
===============================================================================
|    rptr_gray_reg    | Flip-flop |   4   |  Y  | N  | Y  | N  | N  | N  | N  |
===============================================================================
Presto compilation completed successfully.
Information: Building the design 'UART_TOP_TX'. (HDL-193)
Presto compilation completed successfully.
Information: Building the design 'PULSE_GEN'. (HDL-193)

Inferred memory devices in process
	in routine PULSE_GEN line 12 in file
		'/home/ICer/Labs/SYSTEM/rtl/PulseGen.v'.
===============================================================================
|    Register Name    |   Type    | Width | Bus | MB | AR | AS | SR | SS | ST |
===============================================================================
|    lvl_sig_q_reg    | Flip-flop |   1   |  N  | N  | Y  | N  | N  | N  | N  |
===============================================================================
Presto compilation completed successfully.
Information: Building the design 'DATA_SAMPLING' instantiated from design 'UART_RX_TOP' with
	the parameters "OVERSAMPLE=3". (HDL-193)

Inferred memory devices in process
	in routine DATA_SAMPLING_OVERSAMPLE3 line 17 in file
		'/home/ICer/Labs/SYSTEM/rtl/DATA_SAMPLING.v'.
===============================================================================
|    Register Name    |   Type    | Width | Bus | MB | AR | AS | SR | SS | ST |
===============================================================================
|     samples_reg     | Flip-flop |   3   |  Y  | N  | Y  | N  | N  | N  | N  |
===============================================================================
Presto compilation completed successfully.
Information: Building the design 'DESERIALIZER'. (HDL-193)

Inferred memory devices in process
	in routine DESERIALIZER line 9 in file
		'/home/ICer/Labs/SYSTEM/rtl/DESERIALIZER.v'.
===============================================================================
|    Register Name    |   Type    | Width | Bus | MB | AR | AS | SR | SS | ST |
===============================================================================
|     P_DATA_reg      | Flip-flop |   8   |  Y  | N  | Y  | N  | N  | N  | N  |
===============================================================================
Presto compilation completed successfully.
Information: Building the design 'EDGE_COUNTER'. (HDL-193)

Inferred memory devices in process
	in routine EDGE_COUNTER line 13 in file
		'/home/ICer/Labs/SYSTEM/rtl/EDGE_COUNTER.v'.
===============================================================================
|    Register Name    |   Type    | Width | Bus | MB | AR | AS | SR | SS | ST |
===============================================================================
|    edge_cnt_reg     | Flip-flop |   8   |  Y  | N  | Y  | N  | N  | N  | N  |
|     bit_cnt_reg     | Flip-flop |   8   |  Y  | N  | Y  | N  | N  | N  | N  |
===============================================================================
Presto compilation completed successfully.
Information: Building the design 'PARITY_CHECKER'. (HDL-193)

Inferred memory devices in process
	in routine PARITY_CHECKER line 19 in file
		'/home/ICer/Labs/SYSTEM/rtl/PARITY_CHECKER.v'.
===============================================================================
|    Register Name    |   Type    | Width | Bus | MB | AR | AS | SR | SS | ST |
===============================================================================
|     err_ff_reg      | Flip-flop |   1   |  N  | N  | Y  | N  | N  | N  | N  |
===============================================================================
Presto compilation completed successfully.
Information: Building the design 'START_CHECKER'. (HDL-193)
Presto compilation completed successfully.
Information: Building the design 'STOP_CHECKER'. (HDL-193)

Inferred memory devices in process
	in routine STOP_CHECKER line 14 in file
		'/home/ICer/Labs/SYSTEM/rtl/STOP_CHECKER.v'.
===============================================================================
|    Register Name    |   Type    | Width | Bus | MB | AR | AS | SR | SS | ST |
===============================================================================
|     err_ff_reg      | Flip-flop |   1   |  N  | N  | Y  | N  | N  | N  | N  |
===============================================================================
Presto compilation completed successfully.
Information: Building the design 'RX_FSM'. (HDL-193)

Statistics for case statements in always block at line 28 in file
	'/home/ICer/Labs/SYSTEM/rtl/RX_FSM.sv'
===============================================
|           Line           |  full/ parallel  |
===============================================
|            37            |    auto/auto     |
===============================================

Inferred memory devices in process
	in routine RX_FSM line 23 in file
		'/home/ICer/Labs/SYSTEM/rtl/RX_FSM.sv'.
===============================================================================
|    Register Name    |   Type    | Width | Bus | MB | AR | AS | SR | SS | ST |
===============================================================================
|  current_state_reg  | Flip-flop |   3   |  Y  | N  | Y  | N  | N  | N  | N  |
===============================================================================
Presto compilation completed successfully.
Information: Building the design 'FIFO_WR' instantiated from design 'ASYNC_FIFO_TOP_DATA_WIDTH8_ADDR8' with
	the parameters "ADDR=8". (HDL-193)

Inferred memory devices in process
	in routine FIFO_WR_ADDR8 line 20 in file
		'/home/ICer/Labs/SYSTEM/rtl/FIFO_WR.v'.
===============================================================================
|    Register Name    |   Type    | Width | Bus | MB | AR | AS | SR | SS | ST |
===============================================================================
|    wptr_bin_reg     | Flip-flop |   4   |  Y  | N  | Y  | N  | N  | N  | N  |
===============================================================================
Presto compilation completed successfully.
Information: Building the design 'B2G' instantiated from design 'ASYNC_FIFO_TOP_DATA_WIDTH8_ADDR8' with
	the parameters "DATA_WIDTH=4". (HDL-193)
Presto compilation completed successfully.
Information: Building the design 'DFFS' instantiated from design 'ASYNC_FIFO_TOP_DATA_WIDTH8_ADDR8' with
	the parameters "STAGES=2,DATA_WIDTH=4". (HDL-193)

Inferred memory devices in process
	in routine DFFS_STAGES2_DATA_WIDTH4 line 15 in file
		'/home/ICer/Labs/SYSTEM/rtl/DFFS.v'.
===============================================================================
|    Register Name    |   Type    | Width | Bus | MB | AR | AS | SR | SS | ST |
===============================================================================
|    shift_reg_reg    | Flip-flop |   8   |  Y  | N  | Y  | N  | N  | N  | N  |
===============================================================================
Presto compilation completed successfully.
Information: Building the design 'G2B' instantiated from design 'ASYNC_FIFO_TOP_DATA_WIDTH8_ADDR8' with
	the parameters "DATA_WIDTH=4". (HDL-193)
Presto compilation completed successfully.
Information: Building the design 'FIFO_RD' instantiated from design 'ASYNC_FIFO_TOP_DATA_WIDTH8_ADDR8' with
	the parameters "ADDR=8". (HDL-193)

Inferred memory devices in process
	in routine FIFO_RD_ADDR8 line 20 in file
		'/home/ICer/Labs/SYSTEM/rtl/FIFO_RD.v'.
===============================================================================
|    Register Name    |   Type    | Width | Bus | MB | AR | AS | SR | SS | ST |
===============================================================================
|    rptr_bin_reg     | Flip-flop |   4   |  Y  | N  | Y  | N  | N  | N  | N  |
===============================================================================
Presto compilation completed successfully.
Information: Building the design 'FIFO_MEM' instantiated from design 'ASYNC_FIFO_TOP_DATA_WIDTH8_ADDR8' with
	the parameters "DATA_WIDTH=8,ADDR=8". (HDL-193)

Inferred memory devices in process
	in routine FIFO_MEM_DATA_WIDTH8_ADDR8 line 19 in file
		'/home/ICer/Labs/SYSTEM/rtl/FIFO_MEM.v'.
===============================================================================
|    Register Name    |   Type    | Width | Bus | MB | AR | AS | SR | SS | ST |
===============================================================================
|       mem_reg       | Flip-flop |  64   |  Y  | N  | Y  | N  | N  | N  | N  |
===============================================================================
Statistics for MUX_OPs
===================================================================
|       block name/line         | Inputs | Outputs | # sel inputs |
===================================================================
| FIFO_MEM_DATA_WIDTH8_ADDR8/30 |   8    |    8    |      3       |
===================================================================
Presto compilation completed successfully.
Information: Building the design 'Serializer'. (HDL-193)
Warning:  /home/ICer/Labs/SYSTEM/rtl/Serializer.v:24: signed to unsigned assignment occurs. (VER-318)

Inferred memory devices in process
	in routine Serializer line 14 in file
		'/home/ICer/Labs/SYSTEM/rtl/Serializer.v'.
===============================================================================
|    Register Name    |   Type    | Width | Bus | MB | AR | AS | SR | SS | ST |
===============================================================================
|      count_reg      | Flip-flop |   1   |  N  | N  | N  | Y  | N  | N  | N  |
|      count_reg      | Flip-flop |   3   |  Y  | N  | Y  | N  | N  | N  | N  |
|    shift_reg_reg    | Flip-flop |   8   |  Y  | N  | Y  | N  | N  | N  | N  |
===============================================================================
Presto compilation completed successfully.
Information: Building the design 'MUX'. (HDL-193)
Warning:  /home/ICer/Labs/SYSTEM/rtl/MUX.v:8: DEFAULT branch of CASE statement cannot be reached. (ELAB-311)

Statistics for case statements in always block at line 7 in file
	'/home/ICer/Labs/SYSTEM/rtl/MUX.v'
===============================================
|           Line           |  full/ parallel  |
===============================================
|            8             |    auto/auto     |
===============================================
Presto compilation completed successfully.
Information: Building the design 'Parity'. (HDL-193)
Presto compilation completed successfully.
Information: Building the design 'FSM'. (HDL-193)

Statistics for case statements in always block at line 26 in file
	'/home/ICer/Labs/SYSTEM/rtl/FSM.sv'
===============================================
|           Line           |  full/ parallel  |
===============================================
|            31            |    auto/auto     |
===============================================

Inferred memory devices in process
	in routine FSM line 21 in file
		'/home/ICer/Labs/SYSTEM/rtl/FSM.sv'.
===============================================================================
|    Register Name    |   Type    | Width | Bus | MB | AR | AS | SR | SS | ST |
===============================================================================
|  current_state_reg  | Flip-flop |   3   |  Y  | N  | Y  | N  | N  | N  | N  |
===============================================================================
Presto compilation completed successfully.
1
###################### Defining toplevel ###################################
current_design $top_module
Current design is 'SYS_TOP'.
{SYS_TOP}
#################### Liniking All The Design Parts #########################
puts "###############################################"
###############################################
puts "######## Liniking All The Design Parts ########"
######## Liniking All The Design Parts ########
puts "###############################################"
###############################################
link 

  Linking design 'SYS_TOP'
  Using the following designs and libraries:
  --------------------------------------------------------------------------
  * (28 designs)              /home/ICer/Labs/SYSTEM/syn/SYS_TOP.db, etc
  scmetro_tsmc_cl013g_rvt_ss_1p08v_125c (library) /home/ICer/tsmc_fb_cl013g_sc/aci/sc-m/synopsys/scmetro_tsmc_cl013g_rvt_ss_1p08v_125c.db
  scmetro_tsmc_cl013g_rvt_tt_1p2v_25c (library) /home/ICer/tsmc_fb_cl013g_sc/aci/sc-m/synopsys/scmetro_tsmc_cl013g_rvt_tt_1p2v_25c.db
  scmetro_tsmc_cl013g_rvt_ff_1p32v_m40c (library) /home/ICer/tsmc_fb_cl013g_sc/aci/sc-m/synopsys/scmetro_tsmc_cl013g_rvt_ff_1p32v_m40c.db

1
#################### Liniking All The Design Parts #########################
puts "###############################################"
###############################################
puts "######## checking design consistency ##########"
######## checking design consistency ##########
puts "###############################################"
###############################################
check_design
 
****************************************
check_design summary:
Version:     O-2018.06-SP1
Date:        Sun Sep 27 05:27:01 2026
****************************************

                   Name                                            Total
--------------------------------------------------------------------------------
Inputs/Outputs                                                     10
    Unconnected ports (LINT-28)                                     1
    Feedthrough (LINT-29)                                           2
    Shorted outputs (LINT-31)                                       6
    Constant outputs (LINT-52)                                      1

Cells                                                              19
    Cells do not drive (LINT-1)                                    17
    Connected to power or ground (LINT-32)                          2
--------------------------------------------------------------------------------

Warning: In design 'SYS_TOP', cell 'B_1' does not drive any nets. (LINT-1)
Warning: In design 'CLK_DIV', cell 'C177' does not drive any nets. (LINT-1)
Warning: In design 'CLK_DIV', cell 'C188' does not drive any nets. (LINT-1)
Warning: In design 'ALU_8B', cell 'C359' does not drive any nets. (LINT-1)
Warning: In design 'ALU_8B', cell 'C360' does not drive any nets. (LINT-1)
Warning: In design 'ALU_8B', cell 'C361' does not drive any nets. (LINT-1)
Warning: In design 'ALU_8B', cell 'C365' does not drive any nets. (LINT-1)
Warning: In design 'ALU_8B', cell 'C438' does not drive any nets. (LINT-1)
Warning: In design 'ALU_8B', cell 'C440' does not drive any nets. (LINT-1)
Warning: In design 'ALU_8B', cell 'C442' does not drive any nets. (LINT-1)
Warning: In design 'DATA_SAMPLING_OVERSAMPLE3', cell 'C62' does not drive any nets. (LINT-1)
Warning: In design 'EDGE_COUNTER', cell 'C116' does not drive any nets. (LINT-1)
Warning: In design 'EDGE_COUNTER', cell 'C117' does not drive any nets. (LINT-1)
Warning: In design 'RX_FSM', cell 'B_11' does not drive any nets. (LINT-1)
Warning: In design 'FIFO_WR_ADDR8', cell 'C42' does not drive any nets. (LINT-1)
Warning: In design 'FIFO_RD_ADDR8', cell 'C40' does not drive any nets. (LINT-1)
Warning: In design 'Serializer', cell 'C143' does not drive any nets. (LINT-1)
Warning: In design 'DATA_SAMPLING_OVERSAMPLE3', port 'PRESCALE[0]' is not connected to any nets. (LINT-28)
Warning: In design 'B2G_DATA_WIDTH4', input port 'BIN_DATA[3]' is connected directly to output port 'GRAY_DATA[3]'. (LINT-29)
Warning: In design 'G2B_DATA_WIDTH4', input port 'GRAY_DATA[3]' is connected directly to output port 'BIN_DATA[3]'. (LINT-29)
Warning: In design 'FIFO_WR_ADDR8', output port 'wptr_bin[2]' is connected directly to output port 'waddr[2]'. (LINT-31)
Warning: In design 'FIFO_WR_ADDR8', output port 'wptr_bin[1]' is connected directly to output port 'waddr[1]'. (LINT-31)
Warning: In design 'FIFO_WR_ADDR8', output port 'wptr_bin[0]' is connected directly to output port 'waddr[0]'. (LINT-31)
Warning: In design 'FIFO_RD_ADDR8', output port 'rptr_bin[2]' is connected directly to output port 'raddr[2]'. (LINT-31)
Warning: In design 'FIFO_RD_ADDR8', output port 'rptr_bin[1]' is connected directly to output port 'raddr[1]'. (LINT-31)
Warning: In design 'FIFO_RD_ADDR8', output port 'rptr_bin[0]' is connected directly to output port 'raddr[0]'. (LINT-31)
Warning: In design 'UART_TOP_TX', a pin on submodule 'mux' is connected to logic 1 or logic 0. (LINT-32)
   Pin 'IO' is connected to logic 0. 
Warning: In design 'UART_TOP_TX', a pin on submodule 'mux' is connected to logic 1 or logic 0. (LINT-32)
   Pin 'I3' is connected to logic 1. 
Warning: In design 'SYS_CTRL', output port 'clk_div_en' is connected directly to 'logic 1'. (LINT-52)
1
#################### Define Design Constraints #########################
puts "###############################################"
###############################################
puts "############ Design Constraints #### ##########"
############ Design Constraints #### ##########
puts "###############################################"
###############################################
source ./cons.tcl
Warning: Design rule attributes from the driving cell will be
	set on the port. (UID-401)
Using operating conditions 'scmetro_tsmc_cl013g_rvt_ss_1p08v_125c' found in library 'scmetro_tsmc_cl013g_rvt_ss_1p08v_125c'.
Using operating conditions 'scmetro_tsmc_cl013g_rvt_ff_1p32v_m40c' found in library 'scmetro_tsmc_cl013g_rvt_ff_1p32v_m40c'.
###################### Mapping and optimization ########################
puts "###############################################"
###############################################
puts "########## Mapping & Optimization #############"
########## Mapping & Optimization #############
puts "###############################################"
###############################################
compile
Information: Evaluating DesignWare library utilization. (UISN-27)

============================================================================
| DesignWare Building Block Library  |         Version         | Available |
============================================================================
| Basic DW Building Blocks           | O-2018.06-DWBB_201806.1 |     *     |
| Licensed DW Building Blocks        |                         |           |
============================================================================


Information: There are 29 potential problems in your design. Please run 'check_design' for more information. (LINT-99)


Warning: Operating condition scmetro_tsmc_cl013g_rvt_ss_1p08v_125c set on design SYS_TOP has different process,
voltage and temperatures parameters than the parameters at which target library 
scmetro_tsmc_cl013g_rvt_tt_1p2v_25c is characterized. Delays may be inaccurate as a result. (OPT-998)

  Beginning Pass 1 Mapping
  ------------------------
  Processing 'PULSE_GEN'
  Processing 'FSM'
  Processing 'Parity'
  Processing 'MUX'
  Processing 'Serializer'
Information: The register 'shift_reg_reg[7]' is a constant and will be removed. (OPT-1206)
  Processing 'UART_TOP_TX'
  Processing 'FIFO_MEM_DATA_WIDTH8_ADDR8'
  Processing 'G2B_DATA_WIDTH4_0'
  Processing 'DFFS_STAGES2_DATA_WIDTH4_0'
  Processing 'B2G_DATA_WIDTH4_0'
  Processing 'FIFO_RD_ADDR8'
  Processing 'FIFO_WR_ADDR8'
  Processing 'RESET_SYNC_STAGES2_0'
  Processing 'ASYNC_FIFO_TOP_DATA_WIDTH8_ADDR8'
  Processing 'DATA_SYNC_STAGES2_BUS_WIDTH8'
  Processing 'RX_FSM'
  Processing 'STOP_CHECKER'
  Processing 'START_CHECKER'
  Processing 'PARITY_CHECKER'
  Processing 'EDGE_COUNTER'
  Processing 'DESERIALIZER'
  Processing 'DATA_SAMPLING_OVERSAMPLE3'
  Processing 'UART_RX_TOP'
  Processing 'ALU_8B'
  Processing 'RegisterFile_DATA_WIDTH8_DATA_DEPTH16_ADDR_WIDTH4'
  Processing 'SYS_CTRL'
  Processing 'CLK_DIV_0'
  Processing 'SYS_TOP'

  Updating timing information
Information: Updating design information... (UID-85)

  Beginning Implementation Selection
  ----------------------------------
  Processing 'SYS_TOP_DW_div_uns_0'
  Processing 'RX_FSM_DW01_cmp6_0'
  Processing 'RX_FSM_DW01_dec_0'
  Processing 'EDGE_COUNTER_DW01_inc_0'
  Processing 'EDGE_COUNTER_DW01_inc_1'
  Processing 'EDGE_COUNTER_DW01_cmp6_0'
  Processing 'EDGE_COUNTER_DW01_dec_0'
  Processing 'DATA_SAMPLING_OVERSAMPLE3_DW01_cmp6_0'
  Processing 'DATA_SAMPLING_OVERSAMPLE3_DW01_inc_0'
  Processing 'DATA_SAMPLING_OVERSAMPLE3_DW01_cmp6_1'
  Processing 'DATA_SAMPLING_OVERSAMPLE3_DW01_cmp6_2'
  Processing 'DATA_SAMPLING_OVERSAMPLE3_DW01_dec_0'
  Processing 'ALU_8B_DW_div_uns_0'
  Processing 'ALU_8B_DW01_sub_0'
  Processing 'ALU_8B_DW01_add_0'
  Processing 'ALU_8B_DW01_cmp6_0'
  Processing 'CLK_DIV_1_DW01_cmp6_0'
  Processing 'CLK_DIV_1_DW01_cmp6_1'
  Processing 'CLK_DIV_1_DW01_inc_0'
  Processing 'CLK_DIV_1_DW01_cmp6_2'
  Processing 'CLK_DIV_1_DW01_dec_0'
  Processing 'CLK_DIV_1_DW01_inc_1'
  Processing 'CLK_DIV_0_DW01_cmp6_0'
  Processing 'CLK_DIV_0_DW01_cmp6_1'
  Processing 'CLK_DIV_0_DW01_inc_0'
  Processing 'CLK_DIV_0_DW01_cmp6_2'
  Processing 'CLK_DIV_0_DW01_dec_0'
  Processing 'CLK_DIV_0_DW01_inc_1'
  Processing 'ALU_8B_DW02_mult_0'
  Processing 'ALU_8B_DW01_add_1'

  Beginning Mapping Optimizations  (Medium effort)
  -------------------------------
Loading db file '/home/ICer/tsmc_fb_cl013g_sc/aci/sc-m/synopsys/scmetro_tsmc_cl013g_rvt_tt_1p2v_25c.db'
Loading db file '/home/ICer/tsmc_fb_cl013g_sc/aci/sc-m/synopsys/scmetro_tsmc_cl013g_rvt_ff_1p32v_m40c.db'
  Mapping Optimization (Phase 1)

                                  TOTAL                                      
   ELAPSED            WORST NEG   SETUP    DESIGN                            
    TIME      AREA      SLACK     COST    RULE COST         ENDPOINT         
  --------- --------- --------- --------- --------- -------------------------
    0:00:15   51520.6      0.00       0.0     111.7                          
    0:00:15   51520.6      0.00       0.0     111.7                          
    0:00:15   51520.6      0.00       0.0     111.7                          
    0:00:15   51520.6      0.00       0.0     111.7                          
    0:00:15   51520.6      0.00       0.0     111.7                          
    0:00:17   26107.4     10.50      18.1      88.7                          
    0:00:18   26613.4      5.89       8.5      87.8                          
    0:00:18   26218.1      8.83      14.6      49.2                          
    0:00:19   26199.2      8.69      14.8      47.8                          
    0:00:19   26256.9      7.27      10.5      46.9                          
    0:00:19   26292.2      7.87      11.0      46.9                          
    0:00:19   26393.4      5.59       7.6      46.9                          
    0:00:20   26395.7      5.46       7.8      46.9                          
    0:00:20   26375.7      6.78       9.7      46.9                          
    0:00:20   26371.0      5.86       8.2      46.9                          
    0:00:20   26489.9      4.56       5.8      46.9                          
    0:00:20   26575.8      4.27       5.2      46.9                          
    0:00:20   26598.1      4.21       5.1      46.9                          
    0:00:21   26671.1      4.00       4.7      46.9                          
    0:00:21   26671.1      4.00       4.7      46.9                          
    0:00:21   26614.6      4.00       4.7      46.9                          
    0:00:21   26614.6      4.00       4.7      46.9                          
    0:00:21   26699.3      4.00       4.7      26.9                          
    0:00:21   26748.7      4.00       4.7      19.0                          
    0:00:21   26769.9      4.00       4.7      15.2                          
    0:00:21   26782.9      4.00       4.7      12.0                          
    0:00:21   26799.3      4.00       4.7       9.0                          
    0:00:21   26811.1      4.00       4.7       6.0                          
    0:00:21   26822.9      4.00       4.7       3.0                          
    0:00:21   26834.6      4.00       4.7       0.0                          
    0:00:21   26834.6      4.00       4.7       0.0                          
    0:00:21   26834.6      4.00       4.7       0.0                          
    0:00:22   27553.6      0.00       0.0       8.9                          



  Beginning Delay Optimization Phase
  ----------------------------------

                                  TOTAL                                      
   ELAPSED            WORST NEG   SETUP    DESIGN                            
    TIME      AREA      SLACK     COST    RULE COST         ENDPOINT         
  --------- --------- --------- --------- --------- -------------------------
    0:00:22   27553.6      0.00       0.0       8.9                          
    0:00:22   27553.6      0.00       0.0       8.9                          
    0:00:23   27444.2      0.00       0.0      26.1                          
    0:00:23   27444.2      0.00       0.0      26.1                          


  Beginning Design Rule Fixing  (max_transition)  (max_capacitance)
  ----------------------------

                                  TOTAL                                      
   ELAPSED            WORST NEG   SETUP    DESIGN                            
    TIME      AREA      SLACK     COST    RULE COST         ENDPOINT         
  --------- --------- --------- --------- --------- -------------------------
    0:00:23   27444.2      0.00       0.0      26.1                          
    0:00:24   27592.4      0.00       0.0       0.0                          


  Beginning Area-Recovery Phase  (cleanup)
  -----------------------------

                                  TOTAL                                      
   ELAPSED            WORST NEG   SETUP    DESIGN                            
    TIME      AREA      SLACK     COST    RULE COST         ENDPOINT         
  --------- --------- --------- --------- --------- -------------------------
    0:00:24   27592.4      0.00       0.0       0.0                          
    0:00:24   27592.4      0.00       0.0       0.0                          
    0:00:24   27265.3      0.00       0.0       0.0                          
    0:00:24   27168.8      0.00       0.0       0.0                          
    0:00:24   27140.6      0.00       0.0       0.0                          
    0:00:24   27135.9      0.00       0.0       0.0                          
    0:00:24   27131.2      0.00       0.0       0.0                          
    0:00:24   27131.2      0.00       0.0       0.0                          
    0:00:24   27131.2      0.00       0.0       0.0                          
    0:00:25   26950.0      0.23       0.2       0.0                          
    0:00:25   26950.0      0.23       0.2       0.0                          
    0:00:25   26950.0      0.23       0.2       0.0                          
    0:00:25   26950.0      0.23       0.2       0.0                          
    0:00:25   26950.0      0.23       0.2       0.0                          
    0:00:25   26950.0      0.23       0.2       0.0                          
    0:00:25   27121.8      0.00       0.0       0.0                          
Loading db file '/home/ICer/tsmc_fb_cl013g_sc/aci/sc-m/synopsys/scmetro_tsmc_cl013g_rvt_ss_1p08v_125c.db'


Note: Symbol # after min delay cost means estimated hold TNS across all active scenarios 


  Optimization Complete
  ---------------------
1
#############################################################################
# Write out files
#############################################################################
write_file -format ddc -hierarchy -output netlists/$top_module.ddc
Writing ddc file 'netlists/SYS_TOP.ddc'.
1
write_file -format verilog -hierarchy -output netlists/$top_module.v
Writing verilog file '/home/ICer/Labs/SYSTEM/syn/netlists/SYS_TOP.v'.
Warning: Verilog writer has added 1 nets to module CLK_DIV_0 using SYNOPSYS_UNCONNECTED_ as prefix.  Please use the change_names command to make the correct changes before invoking the verilog writer.  (VO-11)
Warning: Verilog 'assign' or 'tran' statements are written out. (VO-4)
Warning: Verilog writer has added 1 nets to module CLK_DIV_1 using SYNOPSYS_UNCONNECTED_ as prefix.  Please use the change_names command to make the correct changes before invoking the verilog writer.  (VO-11)
1
write_sdf  sdf/$top_module.sdf
Information: Annotated 'cell' delays are assumed to include load delay. (UID-282)
Information: Writing timing information to file '/home/ICer/Labs/SYSTEM/syn/sdf/SYS_TOP.sdf'. (WT-3)
Information: Updating design information... (UID-85)
1
write_sdc  -nosplit sdc/$top_module.sdc
1
####################### reporting ##########################################
report_area -hierarchy > reports/area.rpt
report_power -hierarchy > reports/power.rpt
report_timing -delay_type min > reports/hold.rpt
report_timing -delay_type max > reports/setup.rpt
report_clock -attributes > reports/clocks.rpt
report_constraint -all_violators -nosplit > reports/constraints.rpt
################# starting graphical user interface #######################
#gui_start
#exit
dc_shell> exit

Memory usage for main task 281 Mbytes.
Memory usage for this session 281 Mbytes.
CPU usage for this session 34 seconds ( 0.01 hours ).

Thank you...
