In mode: Internal_scan...
  Design has scan chains in this mode
  Design is scan routed
  Post-DFT DRC enabled

Information: Starting test design rule checking. (TEST-222)
  Loading test protocol
  ...basic checks...
  ...basic sequential cell checks...
  ...checking vector rules...
  ...checking clock rules...
  ...checking scan chain rules...
  ...checking scan compression rules...
  ...checking X-state rules...
  ...checking tristate rules...
  ...extracting scan details...

-----------------------------------------------------------------
Begin Clock violations...

 Warning: Clock PIs off did not force off clock input RN of nonscan DFF u_RST_SYNC_1/shift_reg_reg[1]. (C2-1)
Information: There are 99 other cells with the same violation. (TEST-171)
 Warning: Clock scan_clk can capture new data on TE input CKN of DFF u_CLK_DIV_TX/t2_neg_reg. (C6-1)
         Source of violation: input CK of DFF sync_clk_div_en_ff2_reg.
Information: There is 1 other cell with the same violation. (TEST-173)
 Warning: DFF (u_ASYNC_FIFO/sync_wreset/shift_reg_reg[1]) connected to input RN of unstable DFF (u_ASYNC_FIFO/wptr_gray_reg[0]). (C23-1)
Information: There is 1 other cell with the same violation. (TEST-173)
 Warning: Nonclock PI RST connected to input RN of unstable DFF (u_RST_SYNC_1/shift_reg_reg[0]). (C24-1)

Clock violations completed...
-----------------------------------------------------------------

-----------------------------------------------------------------
Begin Scan chain violations...

 Warning: Nonscan DFF u_RST_SYNC_1/shift_reg_reg[1] disturbed during time 0 of load_unload procedure. (S19-1)
Information: There are 99 other cells with the same violation. (TEST-171)

Scan chain violations completed...
-----------------------------------------------------------------

-----------------------------------------------------------------
Begin Other violations...

Warning: Cell U0 has constant 1 value. (TEST-505)

Other violations completed...
-----------------------------------------------------------------

-----------------------------------------------------------------
  DRC Report

  Total violations: 206

-----------------------------------------------------------------

105 CLOCK VIOLATIONS
   100 Unstable nonscan DFF when clocks off violations (C2)
     2 Trailing edge port captured data affected by new capture violations (C6)
     2 State element connected to unstable cell clock input violations (C23)
     1 Nonclock PI connected to unstable cell clock input violation (C24)

100 SCAN CHAIN VIOLATIONS
   100 Nonscan cell disturb violations (S19)

1 OTHER VIOLATION
     1 Cell is constant 1 violation (TEST-505)


Warning: Violations occurred during test design rule checking. (TEST-124)

-----------------------------------------------------------------
  Sequential Cell Report

  103 out of 363 sequential cells have violations

-----------------------------------------------------------------

SEQUENTIAL CELLS WITH VIOLATIONS
      * 100 cells have test design rule violations
      *   1 cell has constant 1 value
      *   2 cells have capture violations
SEQUENTIAL CELLS WITHOUT VIOLATIONS
      * 260 cells are valid scan cells

Information: Test design rule checking completed. (TEST-123)
  Running test coverage estimation...
 19406 faults were added to fault list.
 0            6779   6068         0/0/0    51.13%      0.14
 0            2055   4013         0/0/1    61.97%      0.25
 0             991   3022         0/0/2    67.20%      0.31
 0             605   2416         1/0/2    70.40%      0.36
 0             446   1970         1/0/4    72.75%      0.42
 0             417   1551         3/0/4    74.96%      0.48
 0             276   1274         4/0/4    76.42%      0.56
 0             183   1089         5/0/4    77.39%      0.61
 0             182    902        10/0/4    78.38%      0.69
 0             160    740        11/0/5    79.23%      0.75
 0             104    632        15/0/5    79.80%      0.82
 0             115    511        20/0/5    80.43%      0.91
 0              87    419        23/1/5    80.90%      0.97
 0              72    345        25/1/5    81.29%      1.04
 0              53    283        29/5/7    81.60%      1.17
 0              53    222        31/5/9    81.91%      1.22
 0              62    153       34/8/10    82.26%      1.30
 0              39    105       42/9/11    82.50%      1.43
 0               5     93      42/13/12    82.52%      1.44
 
            Pattern Summary Report
 -----------------------------------------------
 #internal patterns                           0
 -----------------------------------------------
 

     Uncollapsed Stuck Fault Summary Report
 -----------------------------------------------
 fault class                     code   #faults
 ------------------------------  ----  ---------
 Detected                         DT      15593
 Possibly detected                PT          6
 Undetectable                     UD        507
 ATPG untestable                  AU       3210
 Not detected                     ND         90
 -----------------------------------------------
 total faults                             19406
 test coverage                            82.52%
 -----------------------------------------------
  Information: The test coverage above may be inferior
               than the real test coverage with customized
               protocol and test simulation library.
1
