Loading db file '/home/ICer/tsmc_fb_cl013g_sc/aci/sc-m/synopsys/scmetro_tsmc_cl013g_rvt_ss_1p08v_125c.db'
Information: Propagating switching activity (low effort zero delay simulation). (PWR-6)
Warning: Design has unannotated primary inputs. (PWR-414)
Warning: Design has unannotated sequential cell outputs. (PWR-415)
 
****************************************
Report : power
        -hier
        -analysis_effort low
Design : SYS_TOP
Version: O-2018.06-SP1
Date   : Mon Sep 28 23:42:11 2026
****************************************


Library(s) Used:

    scmetro_tsmc_cl013g_rvt_ss_1p08v_125c (File: /home/ICer/tsmc_fb_cl013g_sc/aci/sc-m/synopsys/scmetro_tsmc_cl013g_rvt_ss_1p08v_125c.db)


Operating Conditions: scmetro_tsmc_cl013g_rvt_ss_1p08v_125c   Library: scmetro_tsmc_cl013g_rvt_ss_1p08v_125c
Wire Load Model Mode: top

Design        Wire Load Model            Library
------------------------------------------------
SYS_TOP                tsmc13_wl30       scmetro_tsmc_cl013g_rvt_ss_1p08v_125c


Global Operating Voltage = 1.08 
Power-specific unit information :
    Voltage Units = 1V
    Capacitance Units = 1.000000pf
    Time Units = 1ns
    Dynamic Power Units = 1mW    (derived from V,C,T units)
    Leakage Power Units = 1pW


--------------------------------------------------------------------------------
                                       Switch   Int      Leak     Total
Hierarchy                              Power    Power    Power    Power    %
--------------------------------------------------------------------------------
SYS_TOP                                   0.289    0.109 1.99e+07    0.418 100.0
  div_62 (SYS_TOP_DW_div_uns_0)        4.43e-03 1.71e-03 1.26e+06 7.40e-03   1.8
  u_Pulse (PULSE_GEN_test_1)              0.000 1.94e-04 1.79e+04 2.12e-04   0.1
  u_UART_TX (UART_TOP_TX_test_1)       2.95e-03 3.51e-03 6.64e+05 7.12e-03   1.7
    fsm (FSM_test_1)                   4.26e-04 6.79e-04 1.33e+05 1.24e-03   0.3
    par (Parity)                          0.000    0.000 8.18e+04 8.18e-05   0.0
    mux (MUX)                             0.000    0.000 1.93e+04 1.93e-05   0.0
    Ser (Serializer_test_1)            2.52e-03 2.83e-03 4.30e+05 5.78e-03   1.4
  u_ASYNC_FIFO (ASYNC_FIFO_TOP_DATA_WIDTH8_ADDR8_test_1)
                                       7.68e-03 1.53e-02 2.71e+06 2.57e-02   6.2
    memory_core (FIFO_MEM_DATA_WIDTH8_ADDR8)
                                       4.38e-03 9.10e-03 1.71e+06 1.52e-02   3.6
    g2b_wptr (G2B_DATA_WIDTH4_1)          0.000    0.000 3.94e+04 3.94e-05   0.0
    sync_w2r (DFFS_STAGES2_DATA_WIDTH4_1)
                                       1.24e-04 1.12e-03 1.11e+05 1.36e-03   0.3
    b2g_rptr (B2G_DATA_WIDTH4_1)          0.000    0.000 3.94e+04 3.94e-05   0.0
    rd_logic (FIFO_RD_ADDR8)              0.000 5.70e-04 2.09e+05 7.79e-04   0.2
    g2b_rptr (G2B_DATA_WIDTH4_0)          0.000    0.000 3.94e+04 3.94e-05   0.0
    sync_r2w (DFFS_STAGES2_DATA_WIDTH4_0)
                                       5.59e-04 1.12e-03 1.12e+05 1.79e-03   0.4
    b2g_wptr (B2G_DATA_WIDTH4_0)          0.000    0.000 3.94e+04 3.94e-05   0.0
    wr_logic (FIFO_WR_ADDR8)           2.47e-04 5.91e-04 2.10e+05 1.05e-03   0.3
    sync_rreset (RESET_SYNC_STAGES2_test_0)
                                       1.28e-03 9.99e-04 5.03e+04 2.33e-03   0.6
    sync_wreset (RESET_SYNC_STAGES2_test_1)
                                       4.13e-04 6.77e-04 3.65e+04 1.13e-03   0.3
  u_DATA_SYNC (DATA_SYNC_STAGES2_BUS_WIDTH8_test_1)
                                       3.21e-03 2.80e-03 3.10e+05 6.32e-03   1.5
  u_UART_RX (UART_RX_TOP_test_1)       1.42e-02 8.92e-03 2.08e+06 2.51e-02   6.0
    u_RX_FSM (RX_FSM_test_1)           1.94e-03 1.01e-03 3.84e+05 3.34e-03   0.8
    u_STOP_CHECKER (STOP_CHECKER_test_1)
                                          0.000 1.92e-04 2.65e+04 2.18e-04   0.1
    u_START_CHECKER (START_CHECKER)       0.000    0.000 2.13e+03 2.13e-06   0.0
    u_PARITY_CHECKER (PARITY_CHECKER_test_1)
                                       4.42e-06 1.94e-04 1.26e+05 3.25e-04   0.1
    u_EDGE_COUNTER (EDGE_COUNTER_test_1)
                                       6.21e-03 4.10e-03 7.94e+05 1.11e-02   2.7
      add_21 (EDGE_COUNTER_DW01_inc_1)    0.000    0.000 9.76e+04 9.76e-05   0.0
      add_24 (EDGE_COUNTER_DW01_inc_0) 4.41e-05 1.13e-05 9.75e+04 1.53e-04   0.0
    u_DESERIALIZER (DESERIALIZER_test_1)
                                       2.04e-03 1.86e-03 2.09e+05 4.11e-03   1.0
    u_DATA_SAMPLING (DATA_SAMPLING_OVERSAMPLE3_test_1)
                                       1.58e-03 1.13e-03 4.67e+05 3.17e-03   0.8
  u_ALU (ALU_8B_test_1)                6.09e-03 1.61e-02 4.68e+06 2.69e-02   6.4
    mult_44 (ALU_8B_DW02_mult_0)          0.000    0.000 1.68e+06 1.68e-03   0.4
    add_36 (ALU_8B_DW01_add_0)            0.000    0.000 2.05e+05 2.05e-04   0.0
    sub_40 (ALU_8B_DW01_sub_0)            0.000    0.000 2.45e+05 2.45e-04   0.1
    div_49 (ALU_8B_DW_div_uns_0)          0.000    0.000 1.27e+06 1.27e-03   0.3
  u_RegFile (RegisterFile_DATA_WIDTH8_DATA_DEPTH16_ADDR_WIDTH4_test_1)
                                       5.47e-02 3.97e-02 4.72e+06 9.91e-02  23.7
  u_SYS_CTRL (SYS_CTRL_test_1)         3.70e-03 3.11e-03 6.90e+05 7.50e-03   1.8
  u_CLK_DIV_RX (CLK_DIV_test_0)        9.12e-03 4.36e-03 9.88e+05 1.45e-02   3.5
    add_20_round (CLK_DIV_1_DW01_inc_1)
                                       1.16e-04 4.55e-05 9.78e+04 2.60e-04   0.1
    add_31 (CLK_DIV_1_DW01_inc_0)      2.58e-04 2.80e-05 9.71e+04 3.83e-04   0.1
  u_CLK_DIV_TX (CLK_DIV_test_1)        7.96e-03 4.02e-03 9.92e+05 1.30e-02   3.1
    add_20_round (CLK_DIV_0_DW01_inc_1)
                                       2.32e-04 8.85e-05 9.77e+04 4.18e-04   0.1
    add_31 (CLK_DIV_0_DW01_inc_0)      1.49e-04 2.02e-05 9.74e+04 2.66e-04   0.1
  u_RST_SYNC_2 (RESET_SYNC_STAGES2_3)  2.76e-04 5.16e-04 3.13e+04 8.23e-04   0.2
  u_RST_SYNC_1 (RESET_SYNC_STAGES2_0)  1.36e-04 5.13e-04 3.17e+04 6.80e-04   0.2
1
