
################################################################################
#
# This file has been generated by SpyGlass:
#     Report Name      : waiver
#     Report Created by: ICer
#     Report Created on:  Fri Sep 25 03:03:08 2026
#     Working Directory: /home/ICer/Labs/SYSTEM/spyglass
#     SpyGlass Version : SpyGlass_vL-2016.06
#     Policy Name      : SpyGlass(SpyGlass_vL-2016.06)
#                        clock-reset(SpyGlass_vL-2016.06)
#
#     Total Number of Generated Messages :         15
#     Number of Waived Messages          :          2
#     Number of Reported Messages        :         13
#     Number of Overlimit Messages       :          0
#
#     Total Number of Waivers                            :          1
#     Number of Waivers Applied                          :          1
#     Number of Waivers with Regex and/or wildcard       :          0
#     Number of Waivers with -rule                       :          1
#     Number of Waivers with line number and/or file info:          0
#     Number of Waive -IP commands                       :          0
#
#
################################################################################

WAIVER REPORT:
+++++++++++++++++++++++++++++++++++++++++++++++++++++++++++++++++++++++++++++++

Design Issues Waiver Report
+++++++++++++++++++++++++++++++++++++++++++++++++++++++++++++++++++++++++++++++

Waiver comment : Created by ICer on 25-Sep-2026 02:54:29
waive -rule "checkCMD_dirfile03" 
#spg_backref : "./lint/cdc/cdc_setup_check/lint_waiver_file.awl" 3

2 message(s) waived:
===============================================================================
Index    Rule               Severity File Line Wt Message
===============================================================================
[0]      checkCMD_dirfile03 Warning  N.A. 0    10 Option '+incdir': Directory specification ''../rtl'' does not exists. Reason:No such file or directory
[1]      checkCMD_dirfile03 Warning  N.A. 0    10 Option '+incdir': Directory specification ''./rtl'' does not exists. Reason:No such file or directory
===============================================================================

