
################################################################################
#
# This file has been generated by SpyGlass:
#     Report Name      : waiver
#     Report Created by: ICer
#     Report Created on:  Fri Sep 18 18:52:55 2026
#     Working Directory: /home/ICer/Labs/SYSTEM/spyglass
#     SpyGlass Version : SpyGlass_vL-2016.06
#     Policy Name      : SpyGlass(SpyGlass_vL-2016.06)
#                        clock-reset(SpyGlass_vL-2016.06)
#                        erc(SpyGlass_vL-2016.06)
#                        latch(SpyGlass_vL-2016.06)
#                        lint(SpyGlass_vL-2016.06)
#                        morelint(SpyGlass_vL-2016.06)
#                        openmore(SpyGlass_vL-2016.06)
#                        power_est(SpyGlass_vL-2016.06)
#                        simulation(SpyGlass_vL-2016.06)
#                        starc(SpyGlass_vL-2016.06)
#                        starc2005(SpyGlass_vL-2016.06)
#                        timing(SpyGlass_vL-2016.06)
#                        txv(SpyGlass_vL-2016.06)
#
#     Total Number of Generated Messages :         13
#     Number of Waived Messages          :          9
#     Number of Reported Messages        :          4
#     Number of Overlimit Messages       :          0
#
#     Total Number of Waivers                            :          9
#     Number of Waivers Applied                          :          9
#     Number of Waivers with Regex and/or wildcard       :          0
#     Number of Waivers with -rule                       :          9
#     Number of Waivers with line number and/or file info:          0
#     Number of Waive -IP commands                       :          0
#
#
################################################################################

WAIVER REPORT:
+++++++++++++++++++++++++++++++++++++++++++++++++++++++++++++++++++++++++++++++

Design Issues Waiver Report
+++++++++++++++++++++++++++++++++++++++++++++++++++++++++++++++++++++++++++++++

Waiver comment : Created by ICer on 18-Sep-2026 18:35:37
waive -du "SYS_TOP" \
      -msg q%Instance output port 'stp_err' is not connected% \
      -rule "W287b" 
#spg_backref : "/home/ICer/Labs/SYSTEM/spyglass/waived.awl" 1

1 message(s) waived:
===============================================================================
Index    Rule  Severity File                Line Wt Message
===============================================================================
[A]      W287b Warning  ../rtl/SYSTEM_TOP.v 189  5  Instance output port 'stp_err' is not connected
===============================================================================

Waiver comment : Created by ICer on 18-Sep-2026 18:35:37
waive -du "SYS_TOP" \
      -msg q%Instance output port 'Carry_Flag' is not connected% \
      -rule "W287b" 
#spg_backref : "/home/ICer/Labs/SYSTEM/spyglass/waived.awl" 2

1 message(s) waived:
===============================================================================
Index    Rule  Severity File                Line Wt Message
===============================================================================
[4]      W287b Warning  ../rtl/SYSTEM_TOP.v 168  5  Instance output port 'Carry_Flag' is not connected
===============================================================================

Waiver comment : Created by ICer on 18-Sep-2026 18:35:37
waive -du "SYS_TOP" \
      -msg q%Instance output port 'Arith_Flag' is not connected% \
      -rule "W287b" 
#spg_backref : "/home/ICer/Labs/SYSTEM/spyglass/waived.awl" 3

1 message(s) waived:
===============================================================================
Index    Rule  Severity File                Line Wt Message
===============================================================================
[5]      W287b Warning  ../rtl/SYSTEM_TOP.v 169  5  Instance output port 'Arith_Flag' is not connected
===============================================================================

Waiver comment : Created by ICer on 18-Sep-2026 18:35:37
waive -du "SYS_TOP" \
      -msg q%Instance output port 'Logic_Flag' is not connected% \
      -rule "W287b" 
#spg_backref : "/home/ICer/Labs/SYSTEM/spyglass/waived.awl" 4

1 message(s) waived:
===============================================================================
Index    Rule  Severity File                Line Wt Message
===============================================================================
[6]      W287b Warning  ../rtl/SYSTEM_TOP.v 170  5  Instance output port 'Logic_Flag' is not connected
===============================================================================

Waiver comment : Created by ICer on 18-Sep-2026 18:35:37
waive -du "SYS_TOP" \
      -msg q%Instance output port 'Shift_Flag' is not connected% \
      -rule "W287b" 
#spg_backref : "/home/ICer/Labs/SYSTEM/spyglass/waived.awl" 5

1 message(s) waived:
===============================================================================
Index    Rule  Severity File                Line Wt Message
===============================================================================
[7]      W287b Warning  ../rtl/SYSTEM_TOP.v 171  5  Instance output port 'Shift_Flag' is not connected
===============================================================================

Waiver comment : Created by ICer on 18-Sep-2026 18:35:37
waive -du "SYS_TOP" \
      -msg q%Instance output port 'CMP_Flag' is not connected% \
      -rule "W287b" 
#spg_backref : "/home/ICer/Labs/SYSTEM/spyglass/waived.awl" 6

1 message(s) waived:
===============================================================================
Index    Rule  Severity File                Line Wt Message
===============================================================================
[8]      W287b Warning  ../rtl/SYSTEM_TOP.v 173  5  Instance output port 'CMP_Flag' is not connected
===============================================================================

Waiver comment : Created by ICer on 18-Sep-2026 18:35:37
waive -du "SYS_TOP" \
      -msg q%Instance output port 'par_err' is not connected% \
      -rule "W287b" 
#spg_backref : "/home/ICer/Labs/SYSTEM/spyglass/waived.awl" 7

1 message(s) waived:
===============================================================================
Index    Rule  Severity File                Line Wt Message
===============================================================================
[9]      W287b Warning  ../rtl/SYSTEM_TOP.v 188  5  Instance output port 'par_err' is not connected
===============================================================================

Waiver comment : Created by ICer on 18-Sep-2026 18:36:10
waive -msg q%Option '+incdir': Directory specification ''../rtl'' does not exists. Reason:No such file or directory% \
      -rule "checkCMD_dirfile03" 
#spg_backref : "/home/ICer/Labs/SYSTEM/spyglass/waived.awl" 8

1 message(s) waived:
===============================================================================
Index    Rule               Severity File Line Wt Message
===============================================================================
[0]      checkCMD_dirfile03 Warning  N.A. 0    10 Option '+incdir': Directory specification ''../rtl'' does not exists. Reason:No such file or directory
===============================================================================

Waiver comment : Created by ICer on 18-Sep-2026 18:36:10
waive -msg q%Option '+incdir': Directory specification ''./rtl'' does not exists. Reason:No such file or directory% \
      -rule "checkCMD_dirfile03" 
#spg_backref : "/home/ICer/Labs/SYSTEM/spyglass/waived.awl" 9

1 message(s) waived:
===============================================================================
Index    Rule               Severity File Line Wt Message
===============================================================================
[1]      checkCMD_dirfile03 Warning  N.A. 0    10 Option '+incdir': Directory specification ''./rtl'' does not exists. Reason:No such file or directory
===============================================================================

