
################################################################################
#
# This file has been generated by SpyGlass:
#     Report Name      : moresimple
#     Report Created by: ICer
#     Report Created on:  Fri Sep 25 03:43:02 2026
#     Working Directory: /home/ICer/Labs/SYSTEM/spyglass
#     SpyGlass Version : SpyGlass_vL-2016.06
#     Policy Name      : SpyGlass(SpyGlass_vL-2016.06)
#                        clock-reset(SpyGlass_vL-2016.06)
#
#     Total Number of Generated Messages :         57
#     Number of Waived Messages          :          8
#     Number of Reported Messages        :         49
#     Number of Overlimit Messages       :          0
#
#
################################################################################

+++++++++++++++++++++++++++++++++++++++++++++++++++++++++++++++++++++++
MORESIMPLE REPORT:


############### BuiltIn -> RuleGroup=Command-line read ###############
+++++++++++++++++++++++++++++++++++++++++++++++++++++++++++++++++++++++++++++++++++++++
ID       Rule           Alias          Severity    File    Line    Wt    Message
======================================================================================
[3]      CMD_sglib03    SglibUnused    Info        N.A     -1      10    No Cell has been used in design from sglib file './lint/spyglass_cache/autogenerated_sglib/aggregate.sglib'
+++++++++++++++++++++++++++++++++++++++++++++++++++++++++++++++++++++++++++++++++++++++


############### BuiltIn -> RuleGroup=Design Read ###############
+++++++++++++++++++++++++++++++++++++++++++++++++++++++++++++++++++++++++++++++++++++++
ID       Rule                    Alias                   Severity    File                                                                       Line    Wt    Message
======================================================================================
[4]      DetectTopDesignUnits    DetectTopDesignUnits    Info        ../rtl/SYSTEM_TOP.v                                                        1       2     Module SYS_TOP is a top level design unit
[2]      ElabSummary             ElabSummary             Info        ./lint/cdc/cdc_verify_struct/spyglass_reports/SpyGlass/elab_summary.rpt    0       2     Please refer file './lint/cdc/cdc_verify_struct/spyglass_reports/SpyGlass/elab_summary.rpt' for elab summary report
[24]     Info_Case_Analysis      showSimVal              Info        ../rtl/SYSTEM_TOP.v                                                        1       10    Information for set_case_analysis value propagation for design 'SYS_TOP' is displayed
+++++++++++++++++++++++++++++++++++++++++++++++++++++++++++++++++++++++++++++++++++++++


############### Non-BuiltIn -> Goal=cdc/cdc_verify_struct ###############
+++++++++++++++++++++++++++++++++++++++++++++++++++++++++++++++++++++++++++++++++++++++
ID       Rule                    Alias    Severity    File                                                                                Line    Wt    Message
======================================================================================
[27]     Ac_crossing01                    Info        ../rtl/SYSTEM_TOP.v                                                                 1       10    CrossingMatrix spreadsheet generated for design 'SYS_TOP'
[1A]     Ac_sync01                        Info        ../rtl/CLK_DIV.v                                                                    43      2     Synchronized Crossing: destination flop SYS_TOP.u_CLK_DIV_TX.t1, clocked by SYS_TOP.UART_CLK, source flop SYS_TOP.u_RegFile.mem[3][7:0], clocked by SYS_TOP.REF_CLK, by method: does not require synchronization (long-delay/quasi-static) [Total Sources: 1 (Number of source domains: 1)]
[21]     Ac_sync01                        Info        ../rtl/CLK_DIV.v                                                                    43      2     Synchronized Crossing: destination flop SYS_TOP.u_CLK_DIV_RX.t1, clocked by SYS_TOP.UART_CLK, source flop SYS_TOP.u_RegFile.mem[3][7:0], clocked by SYS_TOP.REF_CLK, by method: does not require synchronization (long-delay/quasi-static) [Total Sources: 2 (Number of source domains: 1)]
[19]     Ac_sync01                        Info        ../rtl/CLK_DIV.v                                                                    44      2     Synchronized Crossing: destination flop SYS_TOP.u_CLK_DIV_TX.t2_pos, clocked by SYS_TOP.UART_CLK, source flop SYS_TOP.u_RegFile.mem[3][7:0], clocked by SYS_TOP.REF_CLK, by method: does not require synchronization (long-delay/quasi-static) [Total Sources: 1 (Number of source domains: 1)]
[1F]     Ac_sync01                        Info        ../rtl/CLK_DIV.v                                                                    44      2     Synchronized Crossing: destination flop SYS_TOP.u_CLK_DIV_RX.t2_pos, clocked by SYS_TOP.UART_CLK, source flop SYS_TOP.u_RegFile.mem[3][7:0], clocked by SYS_TOP.REF_CLK, by method: does not require synchronization (long-delay/quasi-static) [Total Sources: 2 (Number of source domains: 1)]
[18]     Ac_sync01                        Info        ../rtl/CLK_DIV.v                                                                    56      2     Synchronized Crossing: destination flop SYS_TOP.u_CLK_DIV_TX.t2_neg, clocked by SYS_TOP.UART_CLK, source flop SYS_TOP.u_RegFile.mem[3][7:0], clocked by SYS_TOP.REF_CLK, by method: does not require synchronization (long-delay/quasi-static) [Total Sources: 1 (Number of source domains: 1)]
[1D]     Ac_sync01                        Info        ../rtl/CLK_DIV.v                                                                    56      2     Synchronized Crossing: destination flop SYS_TOP.u_CLK_DIV_RX.t2_neg, clocked by SYS_TOP.UART_CLK, source flop SYS_TOP.u_RegFile.mem[3][7:0], clocked by SYS_TOP.REF_CLK, by method: does not require synchronization (long-delay/quasi-static) [Total Sources: 2 (Number of source domains: 1)]
[13]     Ac_sync01                        Info        ../rtl/PARITY_CHECKER.v                                                             27      2     Synchronized Crossing: destination flop SYS_TOP.u_UART_RX.u_PARITY_CHECKER.err_ff, clocked by SYS_TOP.rx_clk, source flop SYS_TOP.u_RegFile.mem[2][1], clocked by SYS_TOP.REF_CLK, by method: does not require synchronization (long-delay/quasi-static) [Total Sources: 1 (Number of source domains: 1)]
[14]     Ac_sync01                        Info        ../rtl/STOP_CHECKER.v                                                               22      2     Synchronized Crossing: destination flop SYS_TOP.u_UART_RX.u_STOP_CHECKER.err_ff, clocked by SYS_TOP.rx_clk, source flop SYS_TOP.u_RegFile.mem[2][0], clocked by SYS_TOP.REF_CLK, by method: does not require synchronization (long-delay/quasi-static) [Total Sources: 1 (Number of source domains: 1)]
[D]      Ac_sync01                        Info        ../rtl/SYSTEM_TOP.v                                                                 6       2     Synchronized Crossing: destination primary output SYS_TOP.TX_OUT, clocked by SYS_TOP.UART_CLK, source flop SYS_TOP.u_RegFile.mem[2][1], clocked by SYS_TOP.REF_CLK, by method: does not require synchronization (long-delay/quasi-static) [Total Sources: 1 (Number of source domains: 1)]
[B]      Ac_sync01                        Info        ../rtl/SYSTEM_TOP.v                                                                 123     2     Synchronized Crossing: destination flop SYS_TOP.uart_rx_valid_reg, clocked by SYS_TOP.rx_clk, source flop SYS_TOP.u_RegFile.mem[2][1:0], clocked by SYS_TOP.REF_CLK, by method: does not require synchronization (long-delay/quasi-static) [Total Sources: 1 (Number of source domains: 1)]
[1B]     Ac_sync02                        Info        ../rtl/CLK_DIV.v                                                                    42      2     Synchronized Crossing: destination flop SYS_TOP.u_CLK_DIV_TX.cnt[7:0], clocked by SYS_TOP.UART_CLK, source flop SYS_TOP.u_RegFile.mem[3][7:0], clocked by SYS_TOP.REF_CLK, by method: does not require synchronization (long-delay/quasi-static) [Total Sources: 1 (Number of source domains: 1)]
[23]     Ac_sync02                        Info        ../rtl/CLK_DIV.v                                                                    42      2     Synchronized Crossing: destination flop SYS_TOP.u_CLK_DIV_RX.cnt[7:0], clocked by SYS_TOP.UART_CLK, source flop SYS_TOP.u_RegFile.mem[3][7:0], clocked by SYS_TOP.REF_CLK, by method: does not require synchronization (long-delay/quasi-static) [Total Sources: 2 (Number of source domains: 1)]
[12]     Ac_sync02                        Info        ../rtl/DATA_SAMPLING.v                                                              30      2     Synchronized Crossing: destination flop SYS_TOP.u_UART_RX.u_DATA_SAMPLING.samples[2:0], clocked by SYS_TOP.rx_clk, source flop SYS_TOP.u_RegFile.mem[2][7:3], clocked by SYS_TOP.REF_CLK, by method: does not require synchronization (long-delay/quasi-static) [Total Sources: 1 (Number of source domains: 1)]
[A]      Ac_sync02                        Info        ../rtl/DATA_SYNC.v                                                                  21      2     Synchronized Crossing: destination flop SYS_TOP.u_DATA_SYNC.shift_reg[0], clocked by SYS_TOP.REF_CLK, source flop SYS_TOP.uart_rx_valid_reg, clocked by SYS_TOP.rx_clk, by method: Conventional multi-flop for metastability technique [Total Sources: 1 (Number of source domains: 1)]
[8]      Ac_sync02                        Info        ../rtl/DATA_SYNC.v                                                                  41      2     Synchronized Crossing: destination flop SYS_TOP.u_DATA_SYNC.sync_bus[7:0], clocked by SYS_TOP.REF_CLK, source flop SYS_TOP.uart_rx_p_data_reg[7:0], clocked by SYS_TOP.rx_clk, by method: Recirculation flop [Total Sources: 1 (Number of source domains: 1)]
[C]      Ac_sync02                        Info        ../rtl/DESERIALIZER.v                                                               15      2     Synchronized Crossing: destination flop SYS_TOP.u_UART_RX.u_DESERIALIZER.P_DATA[7:0], clocked by SYS_TOP.rx_clk, source flop SYS_TOP.u_RegFile.mem[2][7:2], clocked by SYS_TOP.REF_CLK, by method: does not require synchronization (long-delay/quasi-static) [Total Sources: 1 (Number of source domains: 1)]
[9]      Ac_sync02                        Info        ../rtl/DFFS.v                                                                       25      2     Synchronized Crossing: destination flop SYS_TOP.u_ASYNC_FIFO.sync_r2w.shift_reg[3:0][0], clocked by SYS_TOP.REF_CLK, source flop SYS_TOP.u_ASYNC_FIFO.rptr_gray[3:0], clocked by SYS_TOP.tx_clk, by method: Conventional multi-flop for metastability technique [Total Sources: 1 (Number of source domains: 1)]
[16]     Ac_sync02                        Info        ../rtl/DFFS.v                                                                       25      2     Synchronized Crossing: destination flop SYS_TOP.u_ASYNC_FIFO.sync_w2r.shift_reg[3:0][0], clocked by SYS_TOP.tx_clk, source flop SYS_TOP.u_ASYNC_FIFO.wptr_gray[3:0], clocked by SYS_TOP.REF_CLK, by method: Conventional multi-flop for metastability technique [Total Sources: 1 (Number of source domains: 1)]
[F]      Ac_sync02                        Info        ../rtl/EDGE_COUNTER.v                                                               29      2     Synchronized Crossing: destination flop SYS_TOP.u_UART_RX.u_EDGE_COUNTER.bit_cnt[7:0], clocked by SYS_TOP.rx_clk, source flop SYS_TOP.u_RegFile.mem[2][7:2], clocked by SYS_TOP.REF_CLK, by method: does not require synchronization (long-delay/quasi-static) [Total Sources: 2 (Number of source domains: 1)]
[11]     Ac_sync02                        Info        ../rtl/EDGE_COUNTER.v                                                               30      2     Synchronized Crossing: destination flop SYS_TOP.u_UART_RX.u_EDGE_COUNTER.edge_cnt[7:0], clocked by SYS_TOP.rx_clk, source flop SYS_TOP.u_RegFile.mem[2][7:2], clocked by SYS_TOP.REF_CLK, by method: does not require synchronization (long-delay/quasi-static) [Total Sources: 2 (Number of source domains: 1)]
[17]     Ac_sync02                        Info        ../rtl/FSM.sv                                                                       23      2     Synchronized Crossing: destination flop SYS_TOP.u_UART_TX.fsm.current_state[2:0], clocked by SYS_TOP.tx_clk, source flop SYS_TOP.u_RegFile.mem[2][0], clocked by SYS_TOP.REF_CLK, by method: does not require synchronization (long-delay/quasi-static) [Total Sources: 1 (Number of source domains: 1)]
[15]     Ac_sync02                        Info        ../rtl/RX_FSM.sv                                                                    25      2     Synchronized Crossing: destination flop SYS_TOP.u_UART_RX.u_RX_FSM.current_state[2:0], clocked by SYS_TOP.rx_clk, source flop SYS_TOP.u_RegFile.mem[2][0], clocked by SYS_TOP.REF_CLK, by method: does not require synchronization (long-delay/quasi-static) [Total Sources: 1 (Number of source domains: 1)]
[31]     Ar_sync01                        Info        ../rtl/ALU_8B.v                                                                     123     10    Reset signal 'SYS_TOP.RST' for 'clear' pin of flop 'SYS_TOP.u_ALU.ALU_OUT[0]', clocked by 'SYS_TOP.alu_clk', is synchronized by method: Multi-flop reset synchronizer (Name:SYS_TOP.u_RST_SYNC_1.shift_reg[1])
[2B]     Ar_sync01                        Info        ../rtl/CLK_DIV.v                                                                    42      10    Reset signal 'SYS_TOP.RST' for 'clear' pin of flop 'SYS_TOP.u_CLK_DIV_TX.cnt[0]', clocked by 'SYS_TOP.UART_CLK', is synchronized by method: Multi-flop reset synchronizer (Name:SYS_TOP.u_RST_SYNC_2.shift_reg[1])
[2C]     Ar_sync01                        Info        ../rtl/DATA_SAMPLING.v                                                              24      10    Reset signal 'SYS_TOP.RST' for 'clear' pin of flop 'SYS_TOP.u_UART_RX.u_DATA_SAMPLING.samples[0]', clocked by 'SYS_TOP.rx_clk', is synchronized by method: Multi-flop reset synchronizer (Name:SYS_TOP.u_RST_SYNC_2.shift_reg[1])
[2E]     Ar_sync01                        Info        ../rtl/FIFO_RD.v                                                                    24      10    Reset signal 'SYS_TOP.RST' for 'clear' pin of flop 'SYS_TOP.u_ASYNC_FIFO.rd_logic.rptr_bin[0]', clocked by 'SYS_TOP.tx_clk', is synchronized by method: Multi-flop reset synchronizer (Name:SYS_TOP.u_ASYNC_FIFO.sync_rreset.shift_reg[1])
[2F]     Ar_sync01                        Info        ../rtl/FIFO_WR.v                                                                    24      10    Reset signal 'SYS_TOP.RST' for 'clear' pin of flop 'SYS_TOP.u_ASYNC_FIFO.wr_logic.wptr_bin[0]', clocked by 'SYS_TOP.REF_CLK', is synchronized by method: Multi-flop reset synchronizer (Name:SYS_TOP.u_ASYNC_FIFO.sync_wreset.shift_reg[1])
[30]     Ar_sync01                        Info        ../rtl/SYS_CTRL.sv                                                                  59      10    Reset signal 'SYS_TOP.RST' for 'clear' pin of flop 'SYS_TOP.u_SYS_CTRL.addr_reg[0]', clocked by 'SYS_TOP.REF_CLK', is synchronized by method: Multi-flop reset synchronizer (Name:SYS_TOP.u_RST_SYNC_1.shift_reg[1])
[2D]     Ar_sync01                        Info        ../rtl/Serializer.v                                                                 28      10    Reset signal 'SYS_TOP.RST' for 'clear' pin of flop 'SYS_TOP.u_UART_TX.Ser.shift_reg[0]', clocked by 'SYS_TOP.tx_clk', is synchronized by method: Multi-flop reset synchronizer (Name:SYS_TOP.u_RST_SYNC_2.shift_reg[1])
[33]     Ar_syncdeassert01                Info        ../rtl/ALU_8B.v                                                                     123     10    Reset signal 'SYS_TOP.RST' for 'clear' pin of flop 'SYS_TOP.u_ALU.ALU_OUT[0]', synchronously de-asserts relative to clock signal 'SYS_TOP.alu_clk'
[35]     Ar_syncdeassert01                Info        ../rtl/CLK_DIV.v                                                                    42      10    Reset signal 'SYS_TOP.RST' for 'clear' pin of flop 'SYS_TOP.u_CLK_DIV_TX.cnt[0]', synchronously de-asserts relative to clock signal 'SYS_TOP.UART_CLK'
[36]     Ar_syncdeassert01                Info        ../rtl/DATA_SAMPLING.v                                                              24      10    Reset signal 'SYS_TOP.RST' for 'clear' pin of flop 'SYS_TOP.u_UART_RX.u_DATA_SAMPLING.samples[0]', synchronously de-asserts relative to clock signal 'SYS_TOP.rx_clk'
[37]     Ar_syncdeassert01                Info        ../rtl/FIFO_RD.v                                                                    24      10    Reset signal 'SYS_TOP.RST' for 'clear' pin of flop 'SYS_TOP.u_ASYNC_FIFO.rd_logic.rptr_bin[0]', synchronously de-asserts relative to clock signal 'SYS_TOP.tx_clk'
[34]     Ar_syncdeassert01                Info        ../rtl/FIFO_WR.v                                                                    24      10    Reset signal 'SYS_TOP.RST' for 'clear' pin of flop 'SYS_TOP.u_ASYNC_FIFO.wr_logic.wptr_bin[0]', synchronously de-asserts relative to clock signal 'SYS_TOP.REF_CLK'
[32]     Ar_syncdeassert01                Info        ../rtl/SYS_CTRL.sv                                                                  59      10    Reset signal 'SYS_TOP.RST' for 'clear' pin of flop 'SYS_TOP.u_SYS_CTRL.addr_reg[0]', synchronously de-asserts relative to clock signal 'SYS_TOP.REF_CLK'
[38]     Ar_syncdeassert01                Info        ../rtl/Serializer.v                                                                 28      10    Reset signal 'SYS_TOP.RST' for 'clear' pin of flop 'SYS_TOP.u_UART_TX.Ser.shift_reg[0]', synchronously de-asserts relative to clock signal 'SYS_TOP.tx_clk'
[29]     Clock_info02                     Info        N.A.                                                                                0       2     Clock Tree generated
[26]     Clock_info03b                    Info        ../rtl/Serializer.v                                                                 28      2     Data pin of flop SYS_TOP.u_UART_TX.Ser.shift_reg[7], clocked by SYS_TOP.tx_clk , is tied to constant value 0
[42]     Clock_info15                     Info        N.A.                                                                                0       2     Port-Clock information generated for PortClockMatrix report
[5]      Propagate_Clocks                 Info        ../rtl/SYSTEM_TOP.v                                                                 18      2     For SYS_TOP, clock(s) 'SYS_TOP.REF_CLK,SYS_TOP.alu_clk' of domain 'CLKREF_DOMAIN' propagated
[6]      Propagate_Clocks                 Info        ../rtl/SYSTEM_TOP.v                                                                 20      2     For SYS_TOP, clock(s) 'SYS_TOP.UART_CLK,SYS_TOP.tx_clk,SYS_TOP.rx_clk' of domain 'CLKUART_DOMAIN' propagated
[28]     Propagate_Resets                 Info        ../rtl/SYSTEM_TOP.v                                                                 4       2     For SYS_TOP, reset 'SYS_TOP.RST' propagated
[2A]     Reset_info02                     Info        N.A.                                                                                0       2     Reset Tree generated
[25]     Setup_quasi_static01             Info        ./lint/cdc/cdc_verify_struct/spyglass_reports/clock-reset/auto_quasi_static.sgdc    25      2     For design 'SYS_TOP', '0' quasi_static constraint(s) inferred
+++++++++++++++++++++++++++++++++++++++++++++++++++++++++++++++++++++++++++++++++++++++
