
################################################################################
#
# This file has been generated by SpyGlass:
#     Report Name      : RSTree
#     Report Created by: ICer
#     Report Created on:  Fri Sep 25 03:43:02 2026
#     Working Directory: /home/ICer/Labs/SYSTEM/spyglass
#     SpyGlass Version : SpyGlass_vL-2016.06
#     Policy Name      : clock-reset(SpyGlass_vL-2016.06)
#     Comment          : Report Generated By Rule Reset_info02
#
################################################################################

################################################################################
# 
# Purpose: 
#     This report shows the reset trees for resets. It is generated if you have
#     enabled rule Reset_info02 and defined reset constraints or enabled parameter
#     use_inferred_resets.
#     This report is sensitive to any case analysis settings that have been set.
# 
# Format: 
#     The trees are shown in a tree-like format.(The nodes are indented according to
#     their position in hierarchy,"`--" is  used to indicate whether a net/cell is
#     the last child at a particular level,"|--" is used for rest of the nodes. The 
#     level is also printed in braces before every net/cell).
#     The (+)/(-) suffix to a leaf-level cell output net name indicates the reset
#     polarity reaching the flip-flop.
#     When (x) suffix is present, it indicates that reset polarity could not be
#     uniquely determined.
# 
#     A leaf on the tree can be one of:
#     a. A register inferred from the RTL - the hierarchical name of the registered
#                net is shown along with the polarity of the reset at that point
#     b. A black box - the hierarchical name of the black box instance is annotated
#                with its master name, the name of the pin connected to the reset, 
#                the polarity of the reset and (Black-Box) to indicate that
#                this is a black box
#     c. A latch inferred from the RTL - the hierarchical name of the latched net is
#                shown along with the polarity of the reset and (Latch) to indicate 
#                that this is latched net. For a latch to be a leaf, the data pin
#                of the latch should be connected to the reset.
#     d. A sequential leaf cell - the hierarchical name of the sequential instance, 
#                which is neither known to be a flop nor a latch, is annotated with 
#                its master name, the name of the pin connected to the reset, the polarity
#                of the reset and (Sequential Logic Cell) to indicate that this is a 
#                sequential leaf cell
# 
#     The intermediate nodes of a tree are the hierarchical name of the net found while 
#     walking along a path from the root of the tree to a leaf
#     If the same intermediate node is observed more than once on different paths
#     from root to leaves, then the sub-tree beyond this node is shown only after its
#     first occurence in the tree. For the other occurences, a reference to the sub-tree
#     is shown. This rule is recursively followed for the sub-trees also.
################################################################################

============================================
ROOT RESET: SYS_TOP.RST
|-- (1)SYS_TOP.u_RST_SYNC_2.shift_reg[0] (-)
|-- (1)SYS_TOP.u_RST_SYNC_2.shift_reg[1] (-)
|-- (1)SYS_TOP.u_RST_SYNC_2.shift_reg[1]
|   `-- (2)SYS_TOP.sync_rst_2
|       |-- (3)SYS_TOP.sync_clk_div_en_ff2 (-)
|       |-- (3)SYS_TOP.sync_clk_div_en_ff1 (-)
|       |-- (3)SYS_TOP.uart_rx_valid_reg (-)
|       |-- (3)SYS_TOP.uart_rx_p_data_reg[0] (-)
|       |-- (3)SYS_TOP.uart_rx_p_data_reg[1] (-)
|       |-- (3)SYS_TOP.uart_rx_p_data_reg[2] (-)
|       |-- (3)SYS_TOP.uart_rx_p_data_reg[3] (-)
|       |-- (3)SYS_TOP.uart_rx_p_data_reg[4] (-)
|       |-- (3)SYS_TOP.uart_rx_p_data_reg[5] (-)
|       |-- (3)SYS_TOP.uart_rx_p_data_reg[6] (-)
|       |-- (3)SYS_TOP.uart_rx_p_data_reg[7] (-)
|       |-- (3)SYS_TOP.u_Pulse.lvl_sig_q (-)
|       |-- (3)SYS_TOP.u_UART_TX.fsm.current_state[0] (-)
|       |-- (3)SYS_TOP.u_UART_TX.fsm.current_state[1] (-)
|       |-- (3)SYS_TOP.u_UART_TX.fsm.current_state[2] (-)
|       |-- (3)SYS_TOP.u_UART_TX.Ser.shift_reg[0] (-)
|       |-- (3)SYS_TOP.u_UART_TX.Ser.shift_reg[1] (-)
|       |-- (3)SYS_TOP.u_UART_TX.Ser.shift_reg[2] (-)
|       |-- (3)SYS_TOP.u_UART_TX.Ser.shift_reg[3] (-)
|       |-- (3)SYS_TOP.u_UART_TX.Ser.shift_reg[4] (-)
|       |-- (3)SYS_TOP.u_UART_TX.Ser.shift_reg[5] (-)
|       |-- (3)SYS_TOP.u_UART_TX.Ser.shift_reg[6] (-)
|       |-- (3)SYS_TOP.u_UART_TX.Ser.count[0] (-)
|       |-- (3)SYS_TOP.u_UART_TX.Ser.count[1] (-)
|       |-- (3)SYS_TOP.u_UART_TX.Ser.count[2] (-)
|       |-- (3)SYS_TOP.u_UART_TX.Ser.count[3] (-)
|       |-- (3)SYS_TOP.u_ASYNC_FIFO.sync_rreset.shift_reg[0] (-)
|       |-- (3)SYS_TOP.u_ASYNC_FIFO.sync_rreset.shift_reg[1] (-)
|       |-- (3)SYS_TOP.u_ASYNC_FIFO.sync_rreset.shift_reg[1]
|       |   `-- (4)SYS_TOP.u_ASYNC_FIFO.sync_rrst_n
|       |       |-- (5)SYS_TOP.u_ASYNC_FIFO.rptr_gray[0] (-)
|       |       |-- (5)SYS_TOP.u_ASYNC_FIFO.rptr_gray[1] (-)
|       |       |-- (5)SYS_TOP.u_ASYNC_FIFO.rptr_gray[2] (-)
|       |       |-- (5)SYS_TOP.u_ASYNC_FIFO.rptr_gray[3] (-)
|       |       |-- (5)SYS_TOP.u_ASYNC_FIFO.sync_w2r.shift_reg[0][0] (-)
|       |       |-- (5)SYS_TOP.u_ASYNC_FIFO.sync_w2r.shift_reg[0][1] (-)
|       |       |-- (5)SYS_TOP.u_ASYNC_FIFO.sync_w2r.shift_reg[1][0] (-)
|       |       |-- (5)SYS_TOP.u_ASYNC_FIFO.sync_w2r.shift_reg[1][1] (-)
|       |       |-- (5)SYS_TOP.u_ASYNC_FIFO.sync_w2r.shift_reg[2][0] (-)
|       |       |-- (5)SYS_TOP.u_ASYNC_FIFO.sync_w2r.shift_reg[2][1] (-)
|       |       |-- (5)SYS_TOP.u_ASYNC_FIFO.sync_w2r.shift_reg[3][0] (-)
|       |       |-- (5)SYS_TOP.u_ASYNC_FIFO.sync_w2r.shift_reg[3][1] (-)
|       |       |-- (5)SYS_TOP.u_ASYNC_FIFO.rptr_bin[0] (-)
|       |       |-- (5)SYS_TOP.u_ASYNC_FIFO.rptr_bin[1] (-)
|       |       |-- (5)SYS_TOP.u_ASYNC_FIFO.rptr_bin[2] (-)
|       |       `-- (5)SYS_TOP.u_ASYNC_FIFO.rptr_bin[3] (-)
|       |-- (3)SYS_TOP.u_UART_RX.u_RX_FSM.current_state[0] (-)
|       |-- (3)SYS_TOP.u_UART_RX.u_RX_FSM.current_state[1] (-)
|       |-- (3)SYS_TOP.u_UART_RX.u_RX_FSM.current_state[2] (-)
|       |-- (3)SYS_TOP.u_UART_RX.u_STOP_CHECKER.err_ff (-)
|       |-- (3)SYS_TOP.u_UART_RX.u_PARITY_CHECKER.err_ff (-)
|       |-- (3)SYS_TOP.u_UART_RX.bit_cnt[0] (-)
|       |-- (3)SYS_TOP.u_UART_RX.bit_cnt[1] (-)
|       |-- (3)SYS_TOP.u_UART_RX.bit_cnt[2] (-)
|       |-- (3)SYS_TOP.u_UART_RX.bit_cnt[3] (-)
|       |-- (3)SYS_TOP.u_UART_RX.bit_cnt[4] (-)
|       |-- (3)SYS_TOP.u_UART_RX.bit_cnt[5] (-)
|       |-- (3)SYS_TOP.u_UART_RX.bit_cnt[6] (-)
|       |-- (3)SYS_TOP.u_UART_RX.bit_cnt[7] (-)
|       |-- (3)SYS_TOP.u_UART_RX.edge_cnt[0] (-)
|       |-- (3)SYS_TOP.u_UART_RX.edge_cnt[1] (-)
|       |-- (3)SYS_TOP.u_UART_RX.edge_cnt[2] (-)
|       |-- (3)SYS_TOP.u_UART_RX.edge_cnt[3] (-)
|       |-- (3)SYS_TOP.u_UART_RX.edge_cnt[4] (-)
|       |-- (3)SYS_TOP.u_UART_RX.edge_cnt[5] (-)
|       |-- (3)SYS_TOP.u_UART_RX.edge_cnt[6] (-)
|       |-- (3)SYS_TOP.u_UART_RX.edge_cnt[7] (-)
|       |-- (3)SYS_TOP.uart_rx_p_data[0] (-)
|       |-- (3)SYS_TOP.uart_rx_p_data[1] (-)
|       |-- (3)SYS_TOP.uart_rx_p_data[2] (-)
|       |-- (3)SYS_TOP.uart_rx_p_data[3] (-)
|       |-- (3)SYS_TOP.uart_rx_p_data[4] (-)
|       |-- (3)SYS_TOP.uart_rx_p_data[5] (-)
|       |-- (3)SYS_TOP.uart_rx_p_data[6] (-)
|       |-- (3)SYS_TOP.uart_rx_p_data[7] (-)
|       |-- (3)SYS_TOP.u_UART_RX.u_DATA_SAMPLING.samples[0] (-)
|       |-- (3)SYS_TOP.u_UART_RX.u_DATA_SAMPLING.samples[1] (-)
|       |-- (3)SYS_TOP.u_UART_RX.u_DATA_SAMPLING.samples[2] (-)
|       |-- (3)SYS_TOP.u_CLK_DIV_RX.cnt[0] (-)
|       |-- (3)SYS_TOP.u_CLK_DIV_RX.cnt[1] (-)
|       |-- (3)SYS_TOP.u_CLK_DIV_RX.cnt[2] (-)
|       |-- (3)SYS_TOP.u_CLK_DIV_RX.cnt[3] (-)
|       |-- (3)SYS_TOP.u_CLK_DIV_RX.cnt[4] (-)
|       |-- (3)SYS_TOP.u_CLK_DIV_RX.cnt[5] (-)
|       |-- (3)SYS_TOP.u_CLK_DIV_RX.cnt[6] (-)
|       |-- (3)SYS_TOP.u_CLK_DIV_RX.cnt[7] (-)
|       |-- (3)SYS_TOP.u_CLK_DIV_RX.t1 (-)
|       |-- (3)SYS_TOP.u_CLK_DIV_RX.t2_pos (-)
|       |-- (3)SYS_TOP.u_CLK_DIV_RX.t2_neg (-)
|       |-- (3)SYS_TOP.u_CLK_DIV_TX.cnt[0] (-)
|       |-- (3)SYS_TOP.u_CLK_DIV_TX.cnt[1] (-)
|       |-- (3)SYS_TOP.u_CLK_DIV_TX.cnt[2] (-)
|       |-- (3)SYS_TOP.u_CLK_DIV_TX.cnt[3] (-)
|       |-- (3)SYS_TOP.u_CLK_DIV_TX.cnt[4] (-)
|       |-- (3)SYS_TOP.u_CLK_DIV_TX.cnt[5] (-)
|       |-- (3)SYS_TOP.u_CLK_DIV_TX.cnt[6] (-)
|       |-- (3)SYS_TOP.u_CLK_DIV_TX.cnt[7] (-)
|       |-- (3)SYS_TOP.u_CLK_DIV_TX.t1 (-)
|       |-- (3)SYS_TOP.u_CLK_DIV_TX.t2_pos (-)
|       `-- (3)SYS_TOP.u_CLK_DIV_TX.t2_neg (-)
|-- (1)SYS_TOP.u_RST_SYNC_1.shift_reg[0] (-)
|-- (1)SYS_TOP.u_RST_SYNC_1.shift_reg[1] (-)
`-- (1)SYS_TOP.u_RST_SYNC_1.shift_reg[1]
    `-- (2)SYS_TOP.sync_rst_1
        |-- (3)SYS_TOP.u_ASYNC_FIFO.sync_wreset.shift_reg[0] (-)
        |-- (3)SYS_TOP.u_ASYNC_FIFO.sync_wreset.shift_reg[1] (-)
        |-- (3)SYS_TOP.u_ASYNC_FIFO.sync_wreset.shift_reg[1]
        |   `-- (4)SYS_TOP.u_ASYNC_FIFO.sync_wrst_n
        |       |-- (5)SYS_TOP.u_ASYNC_FIFO.wptr_gray[0] (-)
        |       |-- (5)SYS_TOP.u_ASYNC_FIFO.wptr_gray[1] (-)
        |       |-- (5)SYS_TOP.u_ASYNC_FIFO.wptr_gray[2] (-)
        |       |-- (5)SYS_TOP.u_ASYNC_FIFO.wptr_gray[3] (-)
        |       |-- (5)SYS_TOP.u_ASYNC_FIFO.memory_core.mem[7][0] (-)
        |       |-- (5)SYS_TOP.u_ASYNC_FIFO.memory_core.mem[7][1] (-)
        |       |-- (5)SYS_TOP.u_ASYNC_FIFO.memory_core.mem[7][2] (-)
        |       |-- (5)SYS_TOP.u_ASYNC_FIFO.memory_core.mem[7][3] (-)
        |       |-- (5)SYS_TOP.u_ASYNC_FIFO.memory_core.mem[7][4] (-)
        |       |-- (5)SYS_TOP.u_ASYNC_FIFO.memory_core.mem[7][5] (-)
        |       |-- (5)SYS_TOP.u_ASYNC_FIFO.memory_core.mem[7][6] (-)
        |       |-- (5)SYS_TOP.u_ASYNC_FIFO.memory_core.mem[7][7] (-)
        |       |-- (5)SYS_TOP.u_ASYNC_FIFO.memory_core.mem[6][0] (-)
        |       |-- (5)SYS_TOP.u_ASYNC_FIFO.memory_core.mem[6][1] (-)
        |       |-- (5)SYS_TOP.u_ASYNC_FIFO.memory_core.mem[6][2] (-)
        |       |-- (5)SYS_TOP.u_ASYNC_FIFO.memory_core.mem[6][3] (-)
        |       |-- (5)SYS_TOP.u_ASYNC_FIFO.memory_core.mem[6][4] (-)
        |       |-- (5)SYS_TOP.u_ASYNC_FIFO.memory_core.mem[6][5] (-)
        |       |-- (5)SYS_TOP.u_ASYNC_FIFO.memory_core.mem[6][6] (-)
        |       |-- (5)SYS_TOP.u_ASYNC_FIFO.memory_core.mem[6][7] (-)
        |       |-- (5)SYS_TOP.u_ASYNC_FIFO.memory_core.mem[5][0] (-)
        |       |-- (5)SYS_TOP.u_ASYNC_FIFO.memory_core.mem[5][1] (-)
        |       |-- (5)SYS_TOP.u_ASYNC_FIFO.memory_core.mem[5][2] (-)
        |       |-- (5)SYS_TOP.u_ASYNC_FIFO.memory_core.mem[5][3] (-)
        |       |-- (5)SYS_TOP.u_ASYNC_FIFO.memory_core.mem[5][4] (-)
        |       |-- (5)SYS_TOP.u_ASYNC_FIFO.memory_core.mem[5][5] (-)
        |       |-- (5)SYS_TOP.u_ASYNC_FIFO.memory_core.mem[5][6] (-)
        |       |-- (5)SYS_TOP.u_ASYNC_FIFO.memory_core.mem[5][7] (-)
        |       |-- (5)SYS_TOP.u_ASYNC_FIFO.memory_core.mem[4][0] (-)
        |       |-- (5)SYS_TOP.u_ASYNC_FIFO.memory_core.mem[4][1] (-)
        |       |-- (5)SYS_TOP.u_ASYNC_FIFO.memory_core.mem[4][2] (-)
        |       |-- (5)SYS_TOP.u_ASYNC_FIFO.memory_core.mem[4][3] (-)
        |       |-- (5)SYS_TOP.u_ASYNC_FIFO.memory_core.mem[4][4] (-)
        |       |-- (5)SYS_TOP.u_ASYNC_FIFO.memory_core.mem[4][5] (-)
        |       |-- (5)SYS_TOP.u_ASYNC_FIFO.memory_core.mem[4][6] (-)
        |       |-- (5)SYS_TOP.u_ASYNC_FIFO.memory_core.mem[4][7] (-)
        |       |-- (5)SYS_TOP.u_ASYNC_FIFO.memory_core.mem[3][0] (-)
        |       |-- (5)SYS_TOP.u_ASYNC_FIFO.memory_core.mem[3][1] (-)
        |       |-- (5)SYS_TOP.u_ASYNC_FIFO.memory_core.mem[3][2] (-)
        |       |-- (5)SYS_TOP.u_ASYNC_FIFO.memory_core.mem[3][3] (-)
        |       |-- (5)SYS_TOP.u_ASYNC_FIFO.memory_core.mem[3][4] (-)
        |       |-- (5)SYS_TOP.u_ASYNC_FIFO.memory_core.mem[3][5] (-)
        |       |-- (5)SYS_TOP.u_ASYNC_FIFO.memory_core.mem[3][6] (-)
        |       |-- (5)SYS_TOP.u_ASYNC_FIFO.memory_core.mem[3][7] (-)
        |       |-- (5)SYS_TOP.u_ASYNC_FIFO.memory_core.mem[2][0] (-)
        |       |-- (5)SYS_TOP.u_ASYNC_FIFO.memory_core.mem[2][1] (-)
        |       |-- (5)SYS_TOP.u_ASYNC_FIFO.memory_core.mem[2][2] (-)
        |       |-- (5)SYS_TOP.u_ASYNC_FIFO.memory_core.mem[2][3] (-)
        |       |-- (5)SYS_TOP.u_ASYNC_FIFO.memory_core.mem[2][4] (-)
        |       |-- (5)SYS_TOP.u_ASYNC_FIFO.memory_core.mem[2][5] (-)
        |       |-- (5)SYS_TOP.u_ASYNC_FIFO.memory_core.mem[2][6] (-)
        |       |-- (5)SYS_TOP.u_ASYNC_FIFO.memory_core.mem[2][7] (-)
        |       |-- (5)SYS_TOP.u_ASYNC_FIFO.memory_core.mem[1][0] (-)
        |       |-- (5)SYS_TOP.u_ASYNC_FIFO.memory_core.mem[1][1] (-)
        |       |-- (5)SYS_TOP.u_ASYNC_FIFO.memory_core.mem[1][2] (-)
        |       |-- (5)SYS_TOP.u_ASYNC_FIFO.memory_core.mem[1][3] (-)
        |       |-- (5)SYS_TOP.u_ASYNC_FIFO.memory_core.mem[1][4] (-)
        |       |-- (5)SYS_TOP.u_ASYNC_FIFO.memory_core.mem[1][5] (-)
        |       |-- (5)SYS_TOP.u_ASYNC_FIFO.memory_core.mem[1][6] (-)
        |       |-- (5)SYS_TOP.u_ASYNC_FIFO.memory_core.mem[1][7] (-)
        |       |-- (5)SYS_TOP.u_ASYNC_FIFO.memory_core.mem[0][0] (-)
        |       |-- (5)SYS_TOP.u_ASYNC_FIFO.memory_core.mem[0][1] (-)
        |       |-- (5)SYS_TOP.u_ASYNC_FIFO.memory_core.mem[0][2] (-)
        |       |-- (5)SYS_TOP.u_ASYNC_FIFO.memory_core.mem[0][3] (-)
        |       |-- (5)SYS_TOP.u_ASYNC_FIFO.memory_core.mem[0][4] (-)
        |       |-- (5)SYS_TOP.u_ASYNC_FIFO.memory_core.mem[0][5] (-)
        |       |-- (5)SYS_TOP.u_ASYNC_FIFO.memory_core.mem[0][6] (-)
        |       |-- (5)SYS_TOP.u_ASYNC_FIFO.memory_core.mem[0][7] (-)
        |       |-- (5)SYS_TOP.u_ASYNC_FIFO.sync_r2w.shift_reg[0][0] (-)
        |       |-- (5)SYS_TOP.u_ASYNC_FIFO.sync_r2w.shift_reg[0][1] (-)
        |       |-- (5)SYS_TOP.u_ASYNC_FIFO.sync_r2w.shift_reg[1][0] (-)
        |       |-- (5)SYS_TOP.u_ASYNC_FIFO.sync_r2w.shift_reg[1][1] (-)
        |       |-- (5)SYS_TOP.u_ASYNC_FIFO.sync_r2w.shift_reg[2][0] (-)
        |       |-- (5)SYS_TOP.u_ASYNC_FIFO.sync_r2w.shift_reg[2][1] (-)
        |       |-- (5)SYS_TOP.u_ASYNC_FIFO.sync_r2w.shift_reg[3][0] (-)
        |       |-- (5)SYS_TOP.u_ASYNC_FIFO.sync_r2w.shift_reg[3][1] (-)
        |       |-- (5)SYS_TOP.u_ASYNC_FIFO.wptr_bin[0] (-)
        |       |-- (5)SYS_TOP.u_ASYNC_FIFO.wptr_bin[1] (-)
        |       |-- (5)SYS_TOP.u_ASYNC_FIFO.wptr_bin[2] (-)
        |       `-- (5)SYS_TOP.u_ASYNC_FIFO.wptr_bin[3] (-)
        |-- (3)SYS_TOP.u_DATA_SYNC.shift_reg[0] (-)
        |-- (3)SYS_TOP.u_DATA_SYNC.shift_reg[1] (-)
        |-- (3)SYS_TOP.u_DATA_SYNC.en_out_del (-)
        |-- (3)SYS_TOP.sync_rx_d_vld (-)
        |-- (3)SYS_TOP.sync_rx_p_data[0] (-)
        |-- (3)SYS_TOP.sync_rx_p_data[1] (-)
        |-- (3)SYS_TOP.sync_rx_p_data[2] (-)
        |-- (3)SYS_TOP.sync_rx_p_data[3] (-)
        |-- (3)SYS_TOP.sync_rx_p_data[4] (-)
        |-- (3)SYS_TOP.sync_rx_p_data[5] (-)
        |-- (3)SYS_TOP.sync_rx_p_data[6] (-)
        |-- (3)SYS_TOP.sync_rx_p_data[7] (-)
        |-- (3)SYS_TOP.alu_out[0] (-)
        |-- (3)SYS_TOP.alu_out[1] (-)
        |-- (3)SYS_TOP.alu_out[2] (-)
        |-- (3)SYS_TOP.alu_out[3] (-)
        |-- (3)SYS_TOP.alu_out[4] (-)
        |-- (3)SYS_TOP.alu_out[5] (-)
        |-- (3)SYS_TOP.alu_out[6] (-)
        |-- (3)SYS_TOP.alu_out[7] (-)
        |-- (3)SYS_TOP.alu_out[8] (-)
        |-- (3)SYS_TOP.alu_out[9] (-)
        |-- (3)SYS_TOP.alu_out[10] (-)
        |-- (3)SYS_TOP.alu_out[11] (-)
        |-- (3)SYS_TOP.alu_out[12] (-)
        |-- (3)SYS_TOP.alu_out[13] (-)
        |-- (3)SYS_TOP.alu_out[14] (-)
        |-- (3)SYS_TOP.alu_out[15] (-)
        |-- (3)SYS_TOP.alu_out_valid (-)
        |-- (3)SYS_TOP.rd_data_valid (-)
        |-- (3)SYS_TOP.rd_data_rf[0] (-)
        |-- (3)SYS_TOP.rd_data_rf[1] (-)
        |-- (3)SYS_TOP.rd_data_rf[2] (-)
        |-- (3)SYS_TOP.rd_data_rf[3] (-)
        |-- (3)SYS_TOP.rd_data_rf[4] (-)
        |-- (3)SYS_TOP.rd_data_rf[5] (-)
        |-- (3)SYS_TOP.rd_data_rf[6] (-)
        |-- (3)SYS_TOP.rd_data_rf[7] (-)
        |-- (3)SYS_TOP.u_RegFile.mem[15][0] (-)
        |-- (3)SYS_TOP.u_RegFile.mem[15][1] (-)
        |-- (3)SYS_TOP.u_RegFile.mem[15][2] (-)
        |-- (3)SYS_TOP.u_RegFile.mem[15][3] (-)
        |-- (3)SYS_TOP.u_RegFile.mem[15][4] (-)
        |-- (3)SYS_TOP.u_RegFile.mem[15][5] (-)
        |-- (3)SYS_TOP.u_RegFile.mem[15][6] (-)
        |-- (3)SYS_TOP.u_RegFile.mem[15][7] (-)
        |-- (3)SYS_TOP.u_RegFile.mem[14][0] (-)
        |-- (3)SYS_TOP.u_RegFile.mem[14][1] (-)
        |-- (3)SYS_TOP.u_RegFile.mem[14][2] (-)
        |-- (3)SYS_TOP.u_RegFile.mem[14][3] (-)
        |-- (3)SYS_TOP.u_RegFile.mem[14][4] (-)
        |-- (3)SYS_TOP.u_RegFile.mem[14][5] (-)
        |-- (3)SYS_TOP.u_RegFile.mem[14][6] (-)
        |-- (3)SYS_TOP.u_RegFile.mem[14][7] (-)
        |-- (3)SYS_TOP.u_RegFile.mem[13][0] (-)
        |-- (3)SYS_TOP.u_RegFile.mem[13][1] (-)
        |-- (3)SYS_TOP.u_RegFile.mem[13][2] (-)
        |-- (3)SYS_TOP.u_RegFile.mem[13][3] (-)
        |-- (3)SYS_TOP.u_RegFile.mem[13][4] (-)
        |-- (3)SYS_TOP.u_RegFile.mem[13][5] (-)
        |-- (3)SYS_TOP.u_RegFile.mem[13][6] (-)
        |-- (3)SYS_TOP.u_RegFile.mem[13][7] (-)
        |-- (3)SYS_TOP.u_RegFile.mem[12][0] (-)
        |-- (3)SYS_TOP.u_RegFile.mem[12][1] (-)
        |-- (3)SYS_TOP.u_RegFile.mem[12][2] (-)
        |-- (3)SYS_TOP.u_RegFile.mem[12][3] (-)
        |-- (3)SYS_TOP.u_RegFile.mem[12][4] (-)
        |-- (3)SYS_TOP.u_RegFile.mem[12][5] (-)
        |-- (3)SYS_TOP.u_RegFile.mem[12][6] (-)
        |-- (3)SYS_TOP.u_RegFile.mem[12][7] (-)
        |-- (3)SYS_TOP.u_RegFile.mem[11][0] (-)
        |-- (3)SYS_TOP.u_RegFile.mem[11][1] (-)
        |-- (3)SYS_TOP.u_RegFile.mem[11][2] (-)
        |-- (3)SYS_TOP.u_RegFile.mem[11][3] (-)
        |-- (3)SYS_TOP.u_RegFile.mem[11][4] (-)
        |-- (3)SYS_TOP.u_RegFile.mem[11][5] (-)
        |-- (3)SYS_TOP.u_RegFile.mem[11][6] (-)
        |-- (3)SYS_TOP.u_RegFile.mem[11][7] (-)
        |-- (3)SYS_TOP.u_RegFile.mem[10][0] (-)
        |-- (3)SYS_TOP.u_RegFile.mem[10][1] (-)
        |-- (3)SYS_TOP.u_RegFile.mem[10][2] (-)
        |-- (3)SYS_TOP.u_RegFile.mem[10][3] (-)
        |-- (3)SYS_TOP.u_RegFile.mem[10][4] (-)
        |-- (3)SYS_TOP.u_RegFile.mem[10][5] (-)
        |-- (3)SYS_TOP.u_RegFile.mem[10][6] (-)
        |-- (3)SYS_TOP.u_RegFile.mem[10][7] (-)
        |-- (3)SYS_TOP.u_RegFile.mem[9][0] (-)
        |-- (3)SYS_TOP.u_RegFile.mem[9][1] (-)
        |-- (3)SYS_TOP.u_RegFile.mem[9][2] (-)
        |-- (3)SYS_TOP.u_RegFile.mem[9][3] (-)
        |-- (3)SYS_TOP.u_RegFile.mem[9][4] (-)
        |-- (3)SYS_TOP.u_RegFile.mem[9][5] (-)
        |-- (3)SYS_TOP.u_RegFile.mem[9][6] (-)
        |-- (3)SYS_TOP.u_RegFile.mem[9][7] (-)
        |-- (3)SYS_TOP.u_RegFile.mem[8][0] (-)
        |-- (3)SYS_TOP.u_RegFile.mem[8][1] (-)
        |-- (3)SYS_TOP.u_RegFile.mem[8][2] (-)
        |-- (3)SYS_TOP.u_RegFile.mem[8][3] (-)
        |-- (3)SYS_TOP.u_RegFile.mem[8][4] (-)
        |-- (3)SYS_TOP.u_RegFile.mem[8][5] (-)
        |-- (3)SYS_TOP.u_RegFile.mem[8][6] (-)
        |-- (3)SYS_TOP.u_RegFile.mem[8][7] (-)
        |-- (3)SYS_TOP.u_RegFile.mem[7][0] (-)
        |-- (3)SYS_TOP.u_RegFile.mem[7][1] (-)
        |-- (3)SYS_TOP.u_RegFile.mem[7][2] (-)
        |-- (3)SYS_TOP.u_RegFile.mem[7][3] (-)
        |-- (3)SYS_TOP.u_RegFile.mem[7][4] (-)
        |-- (3)SYS_TOP.u_RegFile.mem[7][5] (-)
        |-- (3)SYS_TOP.u_RegFile.mem[7][6] (-)
        |-- (3)SYS_TOP.u_RegFile.mem[7][7] (-)
        |-- (3)SYS_TOP.u_RegFile.mem[6][0] (-)
        |-- (3)SYS_TOP.u_RegFile.mem[6][1] (-)
        |-- (3)SYS_TOP.u_RegFile.mem[6][2] (-)
        |-- (3)SYS_TOP.u_RegFile.mem[6][3] (-)
        |-- (3)SYS_TOP.u_RegFile.mem[6][4] (-)
        |-- (3)SYS_TOP.u_RegFile.mem[6][5] (-)
        |-- (3)SYS_TOP.u_RegFile.mem[6][6] (-)
        |-- (3)SYS_TOP.u_RegFile.mem[6][7] (-)
        |-- (3)SYS_TOP.u_RegFile.mem[5][0] (-)
        |-- (3)SYS_TOP.u_RegFile.mem[5][1] (-)
        |-- (3)SYS_TOP.u_RegFile.mem[5][2] (-)
        |-- (3)SYS_TOP.u_RegFile.mem[5][3] (-)
        |-- (3)SYS_TOP.u_RegFile.mem[5][4] (-)
        |-- (3)SYS_TOP.u_RegFile.mem[5][5] (-)
        |-- (3)SYS_TOP.u_RegFile.mem[5][6] (-)
        |-- (3)SYS_TOP.u_RegFile.mem[5][7] (-)
        |-- (3)SYS_TOP.u_RegFile.mem[4][0] (-)
        |-- (3)SYS_TOP.u_RegFile.mem[4][1] (-)
        |-- (3)SYS_TOP.u_RegFile.mem[4][2] (-)
        |-- (3)SYS_TOP.u_RegFile.mem[4][3] (-)
        |-- (3)SYS_TOP.u_RegFile.mem[4][4] (-)
        |-- (3)SYS_TOP.u_RegFile.mem[4][5] (-)
        |-- (3)SYS_TOP.u_RegFile.mem[4][6] (-)
        |-- (3)SYS_TOP.u_RegFile.mem[4][7] (-)
        |-- (3)SYS_TOP.u_RegFile.mem[3][0] (-)
        |-- (3)SYS_TOP.u_RegFile.mem[3][1] (-)
        |-- (3)SYS_TOP.u_RegFile.mem[3][2] (-)
        |-- (3)SYS_TOP.u_RegFile.mem[3][3] (-)
        |-- (3)SYS_TOP.u_RegFile.mem[3][4] (-)
        |-- (3)SYS_TOP.u_RegFile.mem[3][5] (-)
        |-- (3)SYS_TOP.u_RegFile.mem[3][6] (-)
        |-- (3)SYS_TOP.u_RegFile.mem[3][7] (-)
        |-- (3)SYS_TOP.u_RegFile.mem[2][0] (-)
        |-- (3)SYS_TOP.u_RegFile.mem[2][1] (-)
        |-- (3)SYS_TOP.u_RegFile.mem[2][2] (-)
        |-- (3)SYS_TOP.u_RegFile.mem[2][3] (-)
        |-- (3)SYS_TOP.u_RegFile.mem[2][4] (-)
        |-- (3)SYS_TOP.u_RegFile.mem[2][5] (-)
        |-- (3)SYS_TOP.u_RegFile.mem[2][6] (-)
        |-- (3)SYS_TOP.u_RegFile.mem[2][7] (-)
        |-- (3)SYS_TOP.u_RegFile.mem[1][0] (-)
        |-- (3)SYS_TOP.u_RegFile.mem[1][1] (-)
        |-- (3)SYS_TOP.u_RegFile.mem[1][2] (-)
        |-- (3)SYS_TOP.u_RegFile.mem[1][3] (-)
        |-- (3)SYS_TOP.u_RegFile.mem[1][4] (-)
        |-- (3)SYS_TOP.u_RegFile.mem[1][5] (-)
        |-- (3)SYS_TOP.u_RegFile.mem[1][6] (-)
        |-- (3)SYS_TOP.u_RegFile.mem[1][7] (-)
        |-- (3)SYS_TOP.u_RegFile.mem[0][0] (-)
        |-- (3)SYS_TOP.u_RegFile.mem[0][1] (-)
        |-- (3)SYS_TOP.u_RegFile.mem[0][2] (-)
        |-- (3)SYS_TOP.u_RegFile.mem[0][3] (-)
        |-- (3)SYS_TOP.u_RegFile.mem[0][4] (-)
        |-- (3)SYS_TOP.u_RegFile.mem[0][5] (-)
        |-- (3)SYS_TOP.u_RegFile.mem[0][6] (-)
        |-- (3)SYS_TOP.u_RegFile.mem[0][7] (-)
        |-- (3)SYS_TOP.u_SYS_CTRL.addr_reg[0] (-)
        |-- (3)SYS_TOP.u_SYS_CTRL.addr_reg[1] (-)
        |-- (3)SYS_TOP.u_SYS_CTRL.addr_reg[2] (-)
        |-- (3)SYS_TOP.u_SYS_CTRL.addr_reg[3] (-)
        |-- (3)SYS_TOP.u_SYS_CTRL.alu_fun_reg[0] (-)
        |-- (3)SYS_TOP.u_SYS_CTRL.alu_fun_reg[1] (-)
        |-- (3)SYS_TOP.u_SYS_CTRL.alu_fun_reg[2] (-)
        |-- (3)SYS_TOP.u_SYS_CTRL.alu_fun_reg[3] (-)
        |-- (3)SYS_TOP.u_SYS_CTRL.current_state[0] (-)
        |-- (3)SYS_TOP.u_SYS_CTRL.current_state[1] (-)
        |-- (3)SYS_TOP.u_SYS_CTRL.current_state[2] (-)
        `-- (3)SYS_TOP.u_SYS_CTRL.current_state[3] (-)
