
################################################################################
#
# This file has been generated by SpyGlass:
#     Report Name      : waiver
#     Report Created by: ICer
#     Report Created on:  Fri Sep 25 03:43:02 2026
#     Working Directory: /home/ICer/Labs/SYSTEM/spyglass
#     SpyGlass Version : SpyGlass_vL-2016.06
#     Policy Name      : SpyGlass(SpyGlass_vL-2016.06)
#                        clock-reset(SpyGlass_vL-2016.06)
#
#     Total Number of Generated Messages :         57
#     Number of Waived Messages          :          8
#     Number of Reported Messages        :         49
#     Number of Overlimit Messages       :          0
#
#     Total Number of Waivers                            :         15
#     Number of Waivers Applied                          :         15
#     Number of Waivers with Regex and/or wildcard       :          0
#     Number of Waivers with -rule                       :         15
#     Number of Waivers with line number and/or file info:          0
#     Number of Waive -IP commands                       :          0
#
#
################################################################################

WAIVER REPORT:
+++++++++++++++++++++++++++++++++++++++++++++++++++++++++++++++++++++++++++++++

Design Issues Waiver Report
+++++++++++++++++++++++++++++++++++++++++++++++++++++++++++++++++++++++++++++++

Waiver comment : Created by ICer on 24-Sep-2026 06:26:16
waive -exact 1 \
      -rule "Setup_port01" 
#spg_backref : "./lint/cdc/cdc_verify_struct/lint_waiver_file.awl" 1

2 message(s) waived:
===============================================================================
Index    Rule         Severity File                                                                                  Line Wt Message
===============================================================================
[41]     Setup_port01 Error    ../rtl/SYSTEM_TOP.v                                                                   1    2  Port coverage for top design unit 'SYS_TOP' is: '1' (25.00 %) port(s) not fully constrained
[43]     Setup_port01 Info     ./lint/cdc/cdc_verify_struct/spyglass_reports/clock-reset/SYS_TOP_input_abstract.sgdc 0    2  Abstracted sgdc file for input ports of block 'SYS_TOP' is generated
===============================================================================

Waiver comment : Created by ICer on 18-Sep-2026 18:36:10
waive -exact 1 \
      -msg q%Option '+incdir': Directory specification ''./rtl'' does not exists. Reason:No such file or directory% \
      -rule "checkCMD_dirfile03" 
#spg_backref : "/home/ICer/Labs/SYSTEM/spyglass/waived.awl" 9

1 message(s) waived:
===============================================================================
Index    Rule               Severity File Line Wt Message
===============================================================================
[1]      checkCMD_dirfile03 Warning  N.A. 0    10 Option '+incdir': Directory specification ''./rtl'' does not exists. Reason:No such file or directory
===============================================================================

Waiver comment : Created by ICer on 25-Sep-2026 03:40:48
waive -rule "Ac_conv01" 
#spg_backref : "./lint/cdc/cdc_verify_struct/lint_waiver_file.awl" 2

1 message(s) waived:
===============================================================================
Index    Rule      Severity File               Line Wt Message
===============================================================================
[4A]     Ac_conv01 Warning  ../rtl/SYS_CTRL.sv 190  2  5 synchronizers (SYS_TOP.u_ASYNC_FIFO.sync_r2w.shift_reg[3:0][0],SYS_TOP.u_DATA_SYNC.shift_reg[0]) converge on MUX 'SYS_TOP.u_SYS_CTRL.next_state[3]'
===============================================================================

Waiver comment : Created by ICer on 25-Sep-2026 03:40:48
waive -rule "Ac_conv02" 
#spg_backref : "./lint/cdc/cdc_verify_struct/lint_waiver_file.awl" 3

2 message(s) waived:
===============================================================================
Index    Rule      Severity File                    Line Wt Message
===============================================================================
[47]     Ac_conv02 Warning  ../rtl/ASYNC_FIFO_TOP.v 84   2  4 synchronizers (SYS_TOP.u_ASYNC_FIFO.sync_r2w.shift_reg[3:0][0]) converge on combinational gate 'SYS_TOP.u_ASYNC_FIFO.wq2_rptr_bin[0]'. Gray encoding check: 'DISABLED'
[45]     Ac_conv02 Warning  ../rtl/ASYNC_FIFO_TOP.v 121  2  4 synchronizers (SYS_TOP.u_ASYNC_FIFO.sync_w2r.shift_reg[3:0][0]) converge on combinational gate 'SYS_TOP.u_ASYNC_FIFO.rq2_wptr_bin[0]'. Gray encoding check: 'DISABLED'
===============================================================================

Waiver comment : Created by ICer on 25-Sep-2026 03:42:46
waive -rule "SGDC_cdc_false_path07" 
#spg_backref : "./lint/cdc/cdc_verify_struct/lint_waiver_file.awl" 4

1 message(s) waived:
===============================================================================
Index    Rule                  Severity File        Line Wt Message
===============================================================================
[7]      SGDC_cdc_false_path07 Error    SYSTEM.sgdc 35   10 from_type or to_type are missing for at least one cdc_false_path constraint
===============================================================================

Waiver comment : Created by ICer on 18-Sep-2026 18:36:10
waive -exact 1 \
      -msg q%Option '+incdir': Directory specification ''../rtl'' does not exists. Reason:No such file or directory% \
      -rule "checkCMD_dirfile03" 
#spg_backref : "/home/ICer/Labs/SYSTEM/spyglass/waived.awl" 8

1 message(s) waived:
===============================================================================
Index    Rule               Severity File Line Wt Message
===============================================================================
[0]      checkCMD_dirfile03 Warning  N.A. 0    10 Option '+incdir': Directory specification ''../rtl'' does not exists. Reason:No such file or directory
===============================================================================

===============================================================================
Design Issues Waivers Waiving Zero Violations
===============================================================================
Waiver comment : Created by ICer on 18-Sep-2026 18:54:09
waive -exact 1 \
      -du "CLKGATE" \
      -msg q%Latch inferred for signal 'LATCHED_CLK' in module 'CLKGATE'% \
      -rule "InferLatch" 
#spg_backref : "/home/ICer/Labs/SYSTEM/spyglass/waived.awl" 10

Waiver comment : Created by ICer on 24-Sep-2026 05:22:25
waive -exact 1 \
      -du "CLKGATE" \
      -msg q%Latch inferred for signal 'LATCHED_CLK' in module 'CLKGATE'% \
      -rule "InferLatch" 
#spg_backref : "/home/ICer/Labs/SYSTEM/spyglass/waived.awl" 11

Waiver comment : Created by ICer on 18-Sep-2026 18:35:37
waive -exact 1 \
      -du "SYS_TOP" \
      -msg q%Instance output port 'stp_err' is not connected% \
      -rule "W287b" 
#spg_backref : "/home/ICer/Labs/SYSTEM/spyglass/waived.awl" 1

Waiver comment : Created by ICer on 18-Sep-2026 18:35:37
waive -exact 1 \
      -du "SYS_TOP" \
      -msg q%Instance output port 'Carry_Flag' is not connected% \
      -rule "W287b" 
#spg_backref : "/home/ICer/Labs/SYSTEM/spyglass/waived.awl" 2

Waiver comment : Created by ICer on 18-Sep-2026 18:35:37
waive -exact 1 \
      -du "SYS_TOP" \
      -msg q%Instance output port 'Arith_Flag' is not connected% \
      -rule "W287b" 
#spg_backref : "/home/ICer/Labs/SYSTEM/spyglass/waived.awl" 3

Waiver comment : Created by ICer on 18-Sep-2026 18:35:37
waive -exact 1 \
      -du "SYS_TOP" \
      -msg q%Instance output port 'Logic_Flag' is not connected% \
      -rule "W287b" 
#spg_backref : "/home/ICer/Labs/SYSTEM/spyglass/waived.awl" 4

Waiver comment : Created by ICer on 18-Sep-2026 18:35:37
waive -exact 1 \
      -du "SYS_TOP" \
      -msg q%Instance output port 'Shift_Flag' is not connected% \
      -rule "W287b" 
#spg_backref : "/home/ICer/Labs/SYSTEM/spyglass/waived.awl" 5

Waiver comment : Created by ICer on 18-Sep-2026 18:35:37
waive -exact 1 \
      -du "SYS_TOP" \
      -msg q%Instance output port 'CMP_Flag' is not connected% \
      -rule "W287b" 
#spg_backref : "/home/ICer/Labs/SYSTEM/spyglass/waived.awl" 6

Waiver comment : Created by ICer on 18-Sep-2026 18:35:37
waive -exact 1 \
      -du "SYS_TOP" \
      -msg q%Instance output port 'par_err' is not connected% \
      -rule "W287b" 
#spg_backref : "/home/ICer/Labs/SYSTEM/spyglass/waived.awl" 7

===============================================================================

