Info:  Net Ref:/WORK/CLK_DIV_0_DW01_inc_1/SUM[0] is undriven.
Info:  Net Ref:/WORK/CLK_DIV_1_DW01_inc_1/SUM[0] is undriven.
Info:  Net Ref:/WORK/ALU_8B_DW_div_uns_0/remainder[7] is undriven.
Info:  Net Ref:/WORK/ALU_8B_DW_div_uns_0/remainder[6] is undriven.
Info:  Net Ref:/WORK/ALU_8B_DW_div_uns_0/remainder[5] is undriven.
Info:  Net Ref:/WORK/ALU_8B_DW_div_uns_0/remainder[4] is undriven.
Info:  Net Ref:/WORK/ALU_8B_DW_div_uns_0/remainder[3] is undriven.
Info:  Net Ref:/WORK/ALU_8B_DW_div_uns_0/remainder[2] is undriven.
Info:  Net Ref:/WORK/ALU_8B_DW_div_uns_0/remainder[1] is undriven.
Info:  Net Ref:/WORK/ALU_8B_DW_div_uns_0/remainder[0] is undriven.
Info:  Net Ref:/WORK/ALU_8B_DW_div_uns_0/divide_by_0 is undriven.
Info:  Net Ref:/WORK/ALU_8B_DW01_sub_0/CO is undriven.
Info:  Net Ref:/WORK/ALU_8B_DW01_add_0/CO is undriven.
Info:  Net Ref:/WORK/ALU_8B_DW01_add_1/CO is undriven.
Info:  Net Ref:/WORK/SYS_TOP_DW_div_uns_0/remainder[5] is undriven.
Info:  Net Ref:/WORK/SYS_TOP_DW_div_uns_0/remainder[4] is undriven.
Info:  Net Ref:/WORK/SYS_TOP_DW_div_uns_0/remainder[3] is undriven.
Info:  Net Ref:/WORK/SYS_TOP_DW_div_uns_0/remainder[2] is undriven.
Info:  Net Ref:/WORK/SYS_TOP_DW_div_uns_0/remainder[1] is undriven.
Info:  Net Ref:/WORK/SYS_TOP_DW_div_uns_0/remainder[0] is undriven.
Info:  Net Ref:/WORK/SYS_TOP_DW_div_uns_0/divide_by_0 is undriven.
Info:  Net Imp:/WORK/SYS_TOP/SO[4] is undriven.
Info:  Net Imp:/WORK/CLK_DIV_0_DW01_inc_1/SUM[0] is undriven.
Info:  Net Imp:/WORK/CLK_DIV_1_DW01_inc_1/SUM[0] is undriven.
Info:  Net Imp:/WORK/ALU_8B_DW_div_uns_0/remainder[7] is undriven.
Info:  Net Imp:/WORK/ALU_8B_DW_div_uns_0/remainder[6] is undriven.
Info:  Net Imp:/WORK/ALU_8B_DW_div_uns_0/remainder[5] is undriven.
Info:  Net Imp:/WORK/ALU_8B_DW_div_uns_0/remainder[4] is undriven.
Info:  Net Imp:/WORK/ALU_8B_DW_div_uns_0/remainder[3] is undriven.
Info:  Net Imp:/WORK/ALU_8B_DW_div_uns_0/remainder[2] is undriven.
Info:  Net Imp:/WORK/ALU_8B_DW_div_uns_0/remainder[1] is undriven.
Info:  Net Imp:/WORK/ALU_8B_DW_div_uns_0/remainder[0] is undriven.
Info:  Net Imp:/WORK/ALU_8B_DW_div_uns_0/divide_by_0 is undriven.
Info:  Net Imp:/WORK/ALU_8B_DW01_sub_0/CO is undriven.
Info:  Net Imp:/WORK/ALU_8B_DW01_add_0/CO is undriven.
Info:  Net Imp:/WORK/ALU_8B_DW01_add_1/CO is undriven.
Info:  Net Imp:/WORK/SYS_TOP_DW_div_uns_0/remainder[5] is undriven.
Info:  Net Imp:/WORK/SYS_TOP_DW_div_uns_0/remainder[4] is undriven.
Info:  Net Imp:/WORK/SYS_TOP_DW_div_uns_0/remainder[3] is undriven.
Info:  Net Imp:/WORK/SYS_TOP_DW_div_uns_0/remainder[2] is undriven.
Info:  Net Imp:/WORK/SYS_TOP_DW_div_uns_0/remainder[1] is undriven.
Info:  Net Imp:/WORK/SYS_TOP_DW_div_uns_0/remainder[0] is undriven.
Info:  Net Imp:/WORK/SYS_TOP_DW_div_uns_0/divide_by_0 is undriven.
