Loading db file '/home/ICer/tsmc_fb_cl013g_sc/aci/sc-m/synopsys/scmetro_tsmc_cl013g_rvt_ss_1p08v_125c.db'
Information: Propagating switching activity (low effort zero delay simulation). (PWR-6)
Warning: Design has unannotated primary inputs. (PWR-414)
Warning: Design has unannotated sequential cell outputs. (PWR-415)
 
****************************************
Report : power
        -hier
        -analysis_effort low
Design : SYS_TOP
Version: O-2018.06-SP1
Date   : Tue Sep 29 01:46:15 2026
****************************************


Library(s) Used:

    scmetro_tsmc_cl013g_rvt_ss_1p08v_125c (File: /home/ICer/tsmc_fb_cl013g_sc/aci/sc-m/synopsys/scmetro_tsmc_cl013g_rvt_ss_1p08v_125c.db)


Operating Conditions: scmetro_tsmc_cl013g_rvt_ss_1p08v_125c   Library: scmetro_tsmc_cl013g_rvt_ss_1p08v_125c
Wire Load Model Mode: top

Design        Wire Load Model            Library
------------------------------------------------
SYS_TOP                tsmc13_wl30       scmetro_tsmc_cl013g_rvt_ss_1p08v_125c


Global Operating Voltage = 1.08 
Power-specific unit information :
    Voltage Units = 1V
    Capacitance Units = 1.000000pf
    Time Units = 1ns
    Dynamic Power Units = 1mW    (derived from V,C,T units)
    Leakage Power Units = 1pW


--------------------------------------------------------------------------------
                                       Switch   Int      Leak     Total
Hierarchy                              Power    Power    Power    Power    %
--------------------------------------------------------------------------------
SYS_TOP                                   0.326    0.124 2.06e+07    0.471 100.0
  div_50 (SYS_TOP_DW_div_uns_0)        5.34e-03 1.91e-03 1.27e+06 8.52e-03   1.8
  u_Pulse (PULSE_GEN_test_1)           2.57e-06 1.97e-04 1.79e+04 2.17e-04   0.0
  u_UART_TX (UART_TOP_TX_test_1)       4.36e-03 3.68e-03 6.22e+05 8.67e-03   1.8
    fsm (FSM_test_1)                   5.44e-04 7.06e-04 1.24e+05 1.37e-03   0.3
    par (Parity)                       7.06e-05 4.83e-05 8.11e+04 2.00e-04   0.0
    mux (MUX)                          3.70e-05 5.41e-06 1.93e+04 6.18e-05   0.0
    Ser (Serializer_test_1)            3.71e-03 2.92e-03 3.97e+05 7.03e-03   1.5
  u_ASYNC_FIFO (ASYNC_FIFO_TOP_DATA_WIDTH8_ADDR8_test_1)
                                       3.29e-02 2.64e-02 3.40e+06 6.27e-02  13.3
    memory_core (FIFO_MEM_DATA_WIDTH8_ADDR8_test_1)
                                       2.02e-02 1.65e-02 2.15e+06 3.88e-02   8.3
    g2b_wptr (G2B_DATA_WIDTH4_1)       2.75e-05 9.62e-06 3.94e+04 7.65e-05   0.0
    sync_w2r (DFFS_STAGES2_DATA_WIDTH4_test_1)
                                       1.40e-03 2.00e-03 1.52e+05 3.55e-03   0.8
    b2g_rptr (B2G_DATA_WIDTH4_1)          0.000    0.000 3.94e+04 3.94e-05   0.0
    rd_logic (FIFO_RD_ADDR8_test_1)    6.15e-04 9.26e-04 2.25e+05 1.77e-03   0.4
    g2b_rptr (G2B_DATA_WIDTH4_0)       6.07e-05 2.05e-05 3.94e+04 1.21e-04   0.0
    sync_r2w (DFFS_STAGES2_DATA_WIDTH4_test_0)
                                       2.40e-03 2.11e-03 1.63e+05 4.67e-03   1.0
    b2g_wptr (B2G_DATA_WIDTH4_0)          0.000    0.000 3.94e+04 3.94e-05   0.0
    wr_logic (FIFO_WR_ADDR8_test_1)    1.07e-03 9.73e-04 2.21e+05 2.26e-03   0.5
    sync_rreset (RESET_SYNC_STAGES2_test_0)
                                       3.87e-04 6.29e-04 3.62e+04 1.05e-03   0.2
    sync_wreset (RESET_SYNC_STAGES2_test_1)
                                       3.85e-04 6.20e-04 3.61e+04 1.04e-03   0.2
  u_DATA_SYNC (DATA_SYNC_STAGES2_BUS_WIDTH8_test_1)
                                       3.20e-03 2.83e-03 3.15e+05 6.34e-03   1.3
  u_UART_RX (UART_RX_TOP_test_1)       1.46e-02 9.05e-03 2.04e+06 2.57e-02   5.5
    u_RX_FSM (RX_FSM_test_1)           1.96e-03 1.02e-03 3.83e+05 3.36e-03   0.7
    u_STOP_CHECKER (STOP_CHECKER_test_1)
                                          0.000 1.94e-04 2.65e+04 2.21e-04   0.0
    u_START_CHECKER (START_CHECKER)       0.000    0.000 2.13e+03 2.13e-06   0.0
    u_PARITY_CHECKER (PARITY_CHECKER_test_1)
                                       6.52e-05 2.21e-04 1.26e+05 4.13e-04   0.1
    u_EDGE_COUNTER (EDGE_COUNTER_test_1)
                                       6.27e-03 4.13e-03 7.73e+05 1.12e-02   2.4
      add_21 (EDGE_COUNTER_DW01_inc_1)    0.000    0.000 9.76e+04 9.76e-05   0.0
      add_24 (EDGE_COUNTER_DW01_inc_0) 4.51e-05 1.19e-05 9.75e+04 1.55e-04   0.0
    u_DESERIALIZER (DESERIALIZER_test_1)
                                       2.04e-03 1.86e-03 2.09e+05 4.11e-03   0.9
    u_DATA_SAMPLING (DATA_SAMPLING_OVERSAMPLE3_test_1)
                                       1.94e-03 1.23e-03 4.58e+05 3.63e-03   0.8
  u_ALU (ALU_8B_test_1)                1.09e-02 1.74e-02 4.70e+06 3.30e-02   7.0
    mult_44 (ALU_8B_DW02_mult_0)       1.09e-03 1.50e-04 1.68e+06 2.92e-03   0.6
    add_36 (ALU_8B_DW01_add_0)         8.09e-05 8.43e-05 2.06e+05 3.72e-04   0.1
    sub_40 (ALU_8B_DW01_sub_0)         1.88e-04 1.03e-04 2.46e+05 5.37e-04   0.1
    div_49 (ALU_8B_DW_div_uns_0)       1.92e-03 4.20e-04 1.28e+06 3.62e-03   0.8
  u_RegFile (RegisterFile_DATA_WIDTH8_DATA_DEPTH16_ADDR_WIDTH4_test_1)
                                       6.12e-02 4.20e-02 4.73e+06    0.108  22.9
  u_SYS_CTRL (SYS_CTRL_test_1)         3.75e-03 3.12e-03 6.94e+05 7.57e-03   1.6
  u_CLK_DIV_RX (CLK_DIV_test_1)        6.34e-03 3.65e-03 9.82e+05 1.10e-02   2.3
    add_20_round (CLK_DIV_1_DW01_inc_1)
                                       1.12e-04 1.51e-05 9.76e+04 2.24e-04   0.0
    add_31 (CLK_DIV_1_DW01_inc_0)      7.36e-05 1.53e-05 9.74e+04 1.86e-04   0.0
  u_CLK_DIV_TX (CLK_DIV_test_0)        7.46e-03 3.87e-03 9.77e+05 1.23e-02   2.6
    add_20_round (CLK_DIV_0_DW01_inc_1)
                                       3.07e-04 7.81e-05 9.75e+04 4.82e-04   0.1
    add_31 (CLK_DIV_0_DW01_inc_0)      7.50e-05 1.60e-05 9.74e+04 1.88e-04   0.0
  u_RST_SYNC_2 (RESET_SYNC_STAGES2_test_3)
                                       2.79e-04 6.08e-04 2.93e+04 9.16e-04   0.2
  u_RST_SYNC_1 (RESET_SYNC_STAGES2_test_2)
                                       1.94e-04 5.76e-04 2.95e+04 8.00e-04   0.2
1
