
                                 Formality (R)

               Version L-2016.03-SP1 for linux64 - Apr 13, 2016 

                    Copyright (c) 1988 - 2016 Synopsys, Inc.
   This software and the associated documentation are proprietary to Synopsys,
 Inc. This software may only be used in accordance with the terms and conditions
 of a written license agreement with Synopsys, Inc. All other use, reproduction,
            or distribution of this software is strictly prohibited.

  ** Highlights of Formality (R) Version L-2016.03 **
   - New alternate verification strategies for resolving inconclusive verifications
   - Automation for deploying alternate strategies
   - New command to export the mapping of reference to implementation registers
   - New capability to combine PG and low power information from db libraries with Verilog functional models

   * Please refer to the Formality Release Notes for details and additional enhancements

Build: 4031317
Hostname: IC_EDA (RHEL64)
Current time: Sun Sep 27 05:28:35 2026

Loading db file '/home/synopsys/Formality2016/libraries/syn/gtech.db'
######################### Formality Setup File ###########################
set synopsys_auto_setup true
true
set_svf "/home/ICer/Labs/SYSTEM/syn/SYS_TOP.svf"
Error: Invalid SVF, contents ignored (FM-339)
0
set SSLIB "/home/ICer/Labs/Ass_DFT_1.0/std_cells/scmetro_tsmc_cl013g_rvt_ss_1p08v_125c.db"
/home/ICer/Labs/Ass_DFT_1.0/std_cells/scmetro_tsmc_cl013g_rvt_ss_1p08v_125c.db
set TTLIB "/home/ICer/Labs/Ass_DFT_1.0/std_cells/scmetro_tsmc_cl013g_rvt_tt_1p2v_25c.db"
/home/ICer/Labs/Ass_DFT_1.0/std_cells/scmetro_tsmc_cl013g_rvt_tt_1p2v_25c.db
set FFLIB "/home/ICer/Labs/Ass_DFT_1.0/std_cells/scmetro_tsmc_cl013g_rvt_ff_1p32v_m40c.db"
/home/ICer/Labs/Ass_DFT_1.0/std_cells/scmetro_tsmc_cl013g_rvt_ff_1p32v_m40c.db
######################### Reference Container ############################
## Read Reference technology libraries
read_db -container Ref [list $SSLIB $TTLIB $FFLIB]
Loading db file '/home/ICer/Labs/Ass_DFT_1.0/std_cells/scmetro_tsmc_cl013g_rvt_ss_1p08v_125c.db'
Created container 'Ref'
Current container set to 'Ref'
Loading db file '/home/ICer/Labs/Ass_DFT_1.0/std_cells/scmetro_tsmc_cl013g_rvt_tt_1p2v_25c.db'
Loading db file '/home/ICer/Labs/Ass_DFT_1.0/std_cells/scmetro_tsmc_cl013g_rvt_ff_1p32v_m40c.db'
1
## Read Reference Design Files
read_verilog  -container Ref "../rtl/ALU_8B.v"
No target library specified, default is WORK
Loading verilog file '/home/ICer/Labs/SYSTEM/rtl/ALU_8B.v'
1
read_verilog  -container Ref "../rtl/ASYNC_FIFO_TOP.v"
No target library specified, default is WORK
Loading verilog file '/home/ICer/Labs/SYSTEM/rtl/ASYNC_FIFO_TOP.v'
1
read_verilog  -container Ref "../rtl/B2G.v"
No target library specified, default is WORK
Loading verilog file '/home/ICer/Labs/SYSTEM/rtl/B2G.v'
1
read_verilog  -container Ref "../rtl/CLK_DIV.v"
No target library specified, default is WORK
Loading verilog file '/home/ICer/Labs/SYSTEM/rtl/CLK_DIV.v'
1
read_verilog  -container Ref "../rtl/CLKGATE.v"
No target library specified, default is WORK
Loading verilog file '/home/ICer/Labs/SYSTEM/rtl/CLKGATE.v'
1
read_verilog  -container Ref "../rtl/DATA_SAMPLING.v"
No target library specified, default is WORK
Loading verilog file '/home/ICer/Labs/SYSTEM/rtl/DATA_SAMPLING.v'
1
read_verilog  -container Ref "../rtl/DATA_SYNC.v"
No target library specified, default is WORK
Loading verilog file '/home/ICer/Labs/SYSTEM/rtl/DATA_SYNC.v'
1
read_verilog  -container Ref "../rtl/DESERIALIZER.v"
No target library specified, default is WORK
Loading verilog file '/home/ICer/Labs/SYSTEM/rtl/DESERIALIZER.v'
1
read_verilog  -container Ref "../rtl/DFFS.v"
No target library specified, default is WORK
Loading verilog file '/home/ICer/Labs/SYSTEM/rtl/DFFS.v'
1
read_verilog  -container Ref "../rtl/EDGE_COUNTER.v"
No target library specified, default is WORK
Loading verilog file '/home/ICer/Labs/SYSTEM/rtl/EDGE_COUNTER.v'
1
read_verilog  -container Ref "../rtl/FIFO_MEM.v"
No target library specified, default is WORK
Loading verilog file '/home/ICer/Labs/SYSTEM/rtl/FIFO_MEM.v'
1
read_verilog  -container Ref "../rtl/FIFO_RD.v"
No target library specified, default is WORK
Loading verilog file '/home/ICer/Labs/SYSTEM/rtl/FIFO_RD.v'
1
read_verilog  -container Ref "../rtl/FIFO_WR.v"
No target library specified, default is WORK
Loading verilog file '/home/ICer/Labs/SYSTEM/rtl/FIFO_WR.v'
1
read_sverilog -container Ref "../rtl/FSM.sv"
No target library specified, default is WORK
Loading verilog file '/home/ICer/Labs/SYSTEM/rtl/FSM.sv'
Loading include file '/home/ICer/Labs/SYSTEM/rtl/uart_tx_defines.v'
1
read_verilog  -container Ref "../rtl/G2B.v"
No target library specified, default is WORK
Loading verilog file '/home/ICer/Labs/SYSTEM/rtl/G2B.v'
1
read_verilog  -container Ref "../rtl/MUX.v"
No target library specified, default is WORK
Loading verilog file '/home/ICer/Labs/SYSTEM/rtl/MUX.v'
Loading include file '/home/ICer/Labs/SYSTEM/rtl/uart_tx_defines.v'
1
read_verilog  -container Ref "../rtl/Parity.v"
No target library specified, default is WORK
Loading verilog file '/home/ICer/Labs/SYSTEM/rtl/Parity.v'
Loading include file '/home/ICer/Labs/SYSTEM/rtl/uart_tx_defines.v'
1
read_verilog  -container Ref "../rtl/PARITY_CHECKER.v"
No target library specified, default is WORK
Loading verilog file '/home/ICer/Labs/SYSTEM/rtl/PARITY_CHECKER.v'
1
read_verilog  -container Ref "../rtl/PulseGen.v"
No target library specified, default is WORK
Loading verilog file '/home/ICer/Labs/SYSTEM/rtl/PulseGen.v'
1
read_verilog  -container Ref "../rtl/RegisterFile.v"
No target library specified, default is WORK
Loading verilog file '/home/ICer/Labs/SYSTEM/rtl/RegisterFile.v'
1
read_verilog  -container Ref "../rtl/RESET_SYNC.v"
No target library specified, default is WORK
Loading verilog file '/home/ICer/Labs/SYSTEM/rtl/RESET_SYNC.v'
1
read_sverilog -container Ref "../rtl/RX_FSM.sv"
No target library specified, default is WORK
Loading verilog file '/home/ICer/Labs/SYSTEM/rtl/RX_FSM.sv'
1
read_verilog  -container Ref "../rtl/Serializer.v"
No target library specified, default is WORK
Loading verilog file '/home/ICer/Labs/SYSTEM/rtl/Serializer.v'
Loading include file '/home/ICer/Labs/SYSTEM/rtl/uart_tx_defines.v'
1
read_verilog  -container Ref "../rtl/START_CHECKER.v"
No target library specified, default is WORK
Loading verilog file '/home/ICer/Labs/SYSTEM/rtl/START_CHECKER.v'
1
read_verilog  -container Ref "../rtl/STOP_CHECKER.v"
No target library specified, default is WORK
Loading verilog file '/home/ICer/Labs/SYSTEM/rtl/STOP_CHECKER.v'
1
read_sverilog -container Ref "../rtl/SYS_CTRL.sv"
No target library specified, default is WORK
Loading verilog file '/home/ICer/Labs/SYSTEM/rtl/SYS_CTRL.sv'
1
read_verilog  -container Ref "../rtl/SYSTEM_TOP.v"
No target library specified, default is WORK
Loading verilog file '/home/ICer/Labs/SYSTEM/rtl/SYSTEM_TOP.v'
1
read_verilog  -container Ref "../rtl/UART_TOP_RX.v"
No target library specified, default is WORK
Loading verilog file '/home/ICer/Labs/SYSTEM/rtl/UART_TOP_RX.v'
1
read_verilog  -container Ref "../rtl/UART_TOP_TX.v"
No target library specified, default is WORK
Loading verilog file '/home/ICer/Labs/SYSTEM/rtl/UART_TOP_TX.v'
Loading include file '/home/ICer/Labs/SYSTEM/rtl/uart_tx_defines.v'
1
read_verilog  -container Ref "../rtl/uart_tx_defines.v"
No target library specified, default is WORK
Loading verilog file '/home/ICer/Labs/SYSTEM/rtl/uart_tx_defines.v'
1
## set the top Reference Design 
set_reference_design SYS_TOP
Reference design set to 'Ref:/WORK/SYS_TOP'
1
set_top SYS_TOP
Setting top design to 'Ref:/WORK/SYS_TOP'
Status:   Elaborating design SYS_TOP   ...  
Status:   Elaborating design RESET_SYNC  STAGES=2 ...  
Information: Created design named 'RESET_SYNC_STAGES2'. (FE-LINK-13)
Status:   Elaborating design CLK_DIV   ...  
Status:   Elaborating design SYS_CTRL   ...  
Status:   Elaborating design RegisterFile  DATA_WIDTH=8, DATA_DEPTH=16, ADDR_WIDTH=4 ...  
Information: Created design named 'RegisterFile_DATA_WIDTH8_DATA_DEPTH16_ADDR_WIDTH4'. (FE-LINK-13)
Status:   Elaborating design ALU_8B   ...  
Status:   Elaborating design UART_RX_TOP   ...  
Status:   Elaborating design DATA_SAMPLING  OVERSAMPLE=3 ...  
Information: Created design named 'DATA_SAMPLING_OVERSAMPLE3'. (FE-LINK-13)
Status:   Elaborating design DESERIALIZER   ...  
Status:   Elaborating design EDGE_COUNTER   ...  
Status:   Elaborating design PARITY_CHECKER   ...  
Status:   Elaborating design START_CHECKER   ...  
Status:   Elaborating design STOP_CHECKER   ...  
Status:   Elaborating design RX_FSM   ...  
Status:   Elaborating design DATA_SYNC  STAGES=2, BUS_WIDTH=8 ...  
Information: Created design named 'DATA_SYNC_STAGES2_BUS_WIDTH8'. (FE-LINK-13)
Status:   Elaborating design ASYNC_FIFO_TOP  DATA_WIDTH=8, ADDR=8 ...  
Information: Created design named 'ASYNC_FIFO_TOP_DATA_WIDTH8_ADDR8'. (FE-LINK-13)
Status:   Elaborating design FIFO_WR  ADDR=8 ...  
Information: Created design named 'FIFO_WR_ADDR8'. (FE-LINK-13)
Status:   Elaborating design B2G  DATA_WIDTH=4 ...  
Information: Created design named 'B2G_DATA_WIDTH4'. (FE-LINK-13)
Status:   Elaborating design DFFS  STAGES=2, DATA_WIDTH=4 ...  
Information: Created design named 'DFFS_STAGES2_DATA_WIDTH4'. (FE-LINK-13)
Status:   Elaborating design G2B  DATA_WIDTH=4 ...  
Information: Created design named 'G2B_DATA_WIDTH4'. (FE-LINK-13)
Status:   Elaborating design FIFO_RD  ADDR=8 ...  
Information: Created design named 'FIFO_RD_ADDR8'. (FE-LINK-13)
Status:   Elaborating design FIFO_MEM  DATA_WIDTH=8, ADDR=8 ...  
Information: Created design named 'FIFO_MEM_DATA_WIDTH8_ADDR8'. (FE-LINK-13)
Status:   Elaborating design UART_TOP_TX   ...  
Status:   Elaborating design Serializer   ...  
Status:   Elaborating design MUX   ...  
Status:   Elaborating design Parity   ...  
Status:   Elaborating design FSM   ...  
Status:   Elaborating design PULSE_GEN   ...  
Status:  Implementing inferred operators...

************ Library Checking Summary ************
Warning:  3 unlinked power cell(s) with unread pg pins.
        Use 'report_libraries -defects all' for more details.
**************************************************

Top design successfully set to 'Ref:/WORK/SYS_TOP'
Reference design set to 'Ref:/WORK/SYS_TOP'
1
######################## Implementation Container #########################
## Read Implementation technology libraries
read_db -container Imp [list $SSLIB $TTLIB $FFLIB]
Loading db file '/home/ICer/Labs/Ass_DFT_1.0/std_cells/scmetro_tsmc_cl013g_rvt_ss_1p08v_125c.db'
Created container 'Imp'
Current container set to 'Imp'
Loading db file '/home/ICer/Labs/Ass_DFT_1.0/std_cells/scmetro_tsmc_cl013g_rvt_tt_1p2v_25c.db'
Loading db file '/home/ICer/Labs/Ass_DFT_1.0/std_cells/scmetro_tsmc_cl013g_rvt_ff_1p32v_m40c.db'
1
## Read Implementation Design Files
read_verilog -container Imp "/home/ICer/Labs/SYSTEM/syn/netlists/SYS_TOP.v"
No target library specified, default is WORK
Loading verilog file '/home/ICer/Labs/SYSTEM/syn/netlists/SYS_TOP.v'
1
## set the top Implementation Design
set_implementation_design SYS_TOP
Implementation design set to 'Imp:/WORK/SYS_TOP'
1
set_top SYS_TOP
Setting top design to 'Imp:/WORK/SYS_TOP'
Status:  Implementing inferred operators...

************ Library Checking Summary ************
Warning:  3 unlinked power cell(s) with unread pg pins.
        Use 'report_libraries -defects all' for more details.
**************************************************

Top design successfully set to 'Imp:/WORK/SYS_TOP'
Implementation design set to 'Imp:/WORK/SYS_TOP'
1
## matching Compare points
match
Reference design is 'Ref:/WORK/SYS_TOP'
Implementation design is 'Imp:/WORK/SYS_TOP'
Status:  Checking designs...
    Warning: 0 (21) undriven nets found in reference (implementation) design; see formality1.log for list (FM-399)
Status:  Building verification models...
Status:  Matching...
    
*********************************** Matching Results ***********************************    
 364 Compare points matched by name    
 0 Compare points matched by signature analysis    
 0 Compare points matched by topology    
 4 Matched primary inputs, black-box outputs    
 1(0) Unmatched reference(implementation) compare points    
 0(0) Unmatched reference(implementation) primary inputs, black-box outputs    
----------------------------------------------------------------------------------------    
Unmatched Objects                                                        REF        IMPL    
----------------------------------------------------------------------------------------    
 Registers                                                                 1           0    
   Constrained 0X                                                          1           0    
****************************************************************************************

1
## verify
set successful [verify]
Reference design is 'Ref:/WORK/SYS_TOP'
Implementation design is 'Imp:/WORK/SYS_TOP'
    
*********************************** Matching Results ***********************************    
 364 Compare points matched by name    
 0 Compare points matched by signature analysis    
 0 Compare points matched by topology    
 4 Matched primary inputs, black-box outputs    
 1(0) Unmatched reference(implementation) compare points    
 0(0) Unmatched reference(implementation) primary inputs, black-box outputs    
----------------------------------------------------------------------------------------    
Unmatched Objects                                                        REF        IMPL    
----------------------------------------------------------------------------------------    
 Registers                                                                 1           0    
   Constrained 0X                                                          1           0    
****************************************************************************************

Status:  Verifying...

***************************** Synopsys Auto Setup Summary ******************************

!!! Synopsys Auto Setup Mode was enabled. !!!
!!! Verification results are valid assuming the following setup constraints: !!!

### RTL Interpretation Setup
   set hdlin_ignore_parallel_case false
   set hdlin_ignore_full_case false
   set hdlin_error_on_mismatch_message false
   set hdlin_ignore_embedded_configuration true

### Undriven Signal Handling Setup
   set verification_set_undriven_signals synthesis

### Test Logic Setup
   set verification_verify_directly_undriven_output false
   For details see report_dont_verify_points and report_constants


For further details on Synopsys Auto Setup Mode: Type man synopsys_auto_setup
****************************************************************************************


********************************* Verification Results *********************************
Verification SUCCEEDED
   ATTENTION: synopsys_auto_setup mode was enabled.
              See Synopsys Auto Setup Summary for details.
----------------------------------------------------------
 Reference design: Ref:/WORK/SYS_TOP
 Implementation design: Imp:/WORK/SYS_TOP
 364 Passing compare points
----------------------------------------------------------------------------------------
Matched Compare Points     BBPin    Loop   BBNet     Cut    Port     DFF     LAT   TOTAL
----------------------------------------------------------------------------------------
Passing (equivalent)           0       0       0       0       1     362       1     364
Failing (not equivalent)       0       0       0       0       0       0       0       0
****************************************************************************************
1
if {!$successful} {
diagnose
analyze_points -failing
}
file mkdir reports
report_passing_points > "reports/passing_points.rpt"
report_failing_points > "reports/failing_points.rpt"
report_aborted_points > "reports/aborted_points.rpt"
report_unverified_points > "reports/unverified_points.rpt"
start_gui
     1  source -echo -verbose syn_fm_script.tcl
1
1
fm_shell (verify)> exit

Maximum memory usage for this session: 468948 KB
CPU usage for this session: 32.99 seconds
Current time: Sun Sep 27 05:37:14 2026
Elapsed time: 520 seconds

Thank you for using Formality (R)!
