#@ # 
#@ # Running fm_shell Version L-2016.03-SP1 for linux64 -- Apr 13, 2016
#@ # Date:   Sun Sep 27 05:14:39 2026
#@ # Run by: ICer@IC_EDA
#@ 

source /home/synopsys/Formality2016/admin/setup/.synopsys_fm.setup
#@ # -- Starting source /home/synopsys/Formality2016/admin/setup/.synopsys_fm.setup

#@ #
#@ # .synopsys_fm.setup: Initialization File for Formality
#@ #
#@ 
#@ 
#@ #
#@ # Enable stack trace output on fatal.  Not available for all architectures.
#@ #
#@ if { $sh_arch == "sparc" || $sh_arch == "sparcOS5" ||      $sh_arch == "hp700" || $sh_arch == "hpux10" } {
#@   set_unix_variable SYNOPSYS_TRACE ""
#@ }
#@ 
#@ #
#@ # Variable settings
#@ #
#@ set sh_new_variable_message true
#@ 
#@ #
#@ # Synopsys strongly recommends that you uncomment the following command
#@ # in order to set sh_command_abbrev_mode to the value "Command-Line-Only".
#@ # Command abbreviation is intended as an interactive convenience.  Using
#@ # abbreviations in scripts can cause commands to fail in subsequent releases.
#@ # 
#@ #set sh_command_abbrev_mode "Command-Line-Only"
#@ 
#@ #
#@ # Some useful aliases
#@ #
#@ alias list_commands		help
#@ 
#@ #
#@ # The alias of q to quit is commented out.  Remove the comment 
#@ # character if you want this alias.  Some users find that having 
#@ # this particular alias causes problems when mixed with page-mode
#@ # for reports - an accidental repeated 'q' not only cancels the
#@ # output but exits the tool.
#@ #
#@ #alias q quit
#@ # -- End source /home/synopsys/Formality2016/admin/setup/.synopsys_fm.setup

source -echo -verbose syn_fm_script.tcl
#@ # -- Starting source syn_fm_script.tcl

#@ 
#@ ######################### Formality Setup File ###########################
#@ 
#@ set synopsys_auto_setup true
#@ 
#@ set_svf "SYS_TOP.svf"
#@ 
#@ 
#@ set SSLIB "/home/ICer/Labs/Ass_DFT_1.0/std_cells/scmetro_tsmc_cl013g_rvt_ss_1p08v_125c.db"
#@ set TTLIB "/home/ICer/Labs/Ass_DFT_1.0/std_cells/scmetro_tsmc_cl013g_rvt_tt_1p2v_25c.db"
#@ set FFLIB "/home/ICer/Labs/Ass_DFT_1.0/std_cells/scmetro_tsmc_cl013g_rvt_ff_1p32v_m40c.db"
#@ 
#@ ######################### Reference Container ############################
#@ 
#@ ## Read Reference technology libraries
#@ read_db -container Ref [list $SSLIB $TTLIB $FFLIB]
#@ 
#@ ## Read Reference Design Files
#@ read_verilog  -container Ref "../rtl/ALU_8B.v"
#@ read_verilog  -container Ref "../rtl/ASYNC_FIFO_TOP.v"
#@ read_verilog  -container Ref "../rtl/B2G.v"
#@ read_verilog  -container Ref "../rtl/CLK_DIV.v"
#@ read_verilog  -container Ref "../rtl/CLKGATE.v"
#@ read_verilog  -container Ref "../rtl/DATA_SAMPLING.v"
#@ read_verilog  -container Ref "../rtl/DATA_SYNC.v"
#@ read_verilog  -container Ref "../rtl/DESERIALIZER.v"
#@ read_verilog  -container Ref "../rtl/DFFS.v"
#@ read_verilog  -container Ref "../rtl/EDGE_COUNTER.v"
#@ read_verilog  -container Ref "../rtl/FIFO_MEM.v"
#@ read_verilog  -container Ref "../rtl/FIFO_RD.v"
#@ read_verilog  -container Ref "../rtl/FIFO_WR.v"
#@ read_sverilog -container Ref "../rtl/FSM.sv"
#@ read_verilog  -container Ref "../rtl/G2B.v"
#@ read_verilog  -container Ref "../rtl/MUX.v"
#@ read_verilog  -container Ref "../rtl/Parity.v"
#@ read_verilog  -container Ref "../rtl/PARITY_CHECKER.v"
#@ read_verilog  -container Ref "../rtl/PulseGen.v"
#@ read_verilog  -container Ref "../rtl/RegisterFile.v"
#@ read_verilog  -container Ref "../rtl/RESET_SYNC.v"
#@ read_sverilog -container Ref "../rtl/RX_FSM.sv"
#@ read_verilog  -container Ref "../rtl/Serializer.v"
#@ read_verilog  -container Ref "../rtl/START_CHECKER.v"
#@ read_verilog  -container Ref "../rtl/STOP_CHECKER.v"
#@ read_sverilog -container Ref "../rtl/SYS_CTRL.sv"
#@ read_verilog  -container Ref "../rtl/SYSTEM_TOP.v"
#@ read_verilog  -container Ref "../rtl/UART_TOP_RX.v"
#@ read_verilog  -container Ref "../rtl/UART_TOP_TX.v"
#@ read_verilog  -container Ref "../rtl/uart_tx_defines.v"
#@ 
#@ ## set the top Reference Design 
#@ set_reference_design SYS_TOP
#@ set_top SYS_TOP
#@ 
#@ ######################## Implementation Container #########################
#@ 
#@ ## Read Implementation technology libraries
#@ read_db -container Imp [list $SSLIB $TTLIB $FFLIB]
#@ ## Read Implementation Design Files
#@ read_verilog -container Imp "/home/ICer/Labs/SYSTEM/syn/netlists/SYS_TOP.v"
#@ ## set the top Implementation Design
#@ set_implementation_design SYS_TOP
#@ set_top SYS_TOP
#@ 
#@ 
#@ ## matching Compare points
#@ match
#@ 
#@ ## verify
#@ set successful [verify]
#@ if {!$successful} {
#@ diagnose
#@ analyze_points -failing
#@ }
#@ 
#@ report_passing_points > "reports/passing_points.rpt"
#@ # -- End source syn_fm_script.tcl

exexit
