
################################################################################
#
# This file has been generated by SpyGlass:
#     Report Name      : waiver
#     Report Created by: ICer
#     Report Created on:  Fri Sep 25 02:52:32 2026
#     Working Directory: /home/ICer/Labs/SYSTEM/spyglass
#     SpyGlass Version : SpyGlass_vL-2016.06
#     Policy Name      : SpyGlass(SpyGlass_vL-2016.06)
#                        erc(SpyGlass_vL-2016.06)
#                        latch(SpyGlass_vL-2016.06)
#                        lint(SpyGlass_vL-2016.06)
#                        morelint(SpyGlass_vL-2016.06)
#                        openmore(SpyGlass_vL-2016.06)
#                        simulation(SpyGlass_vL-2016.06)
#                        starc(SpyGlass_vL-2016.06)
#                        starc2005(SpyGlass_vL-2016.06)
#                        timing(SpyGlass_vL-2016.06)
#
#     Total Number of Generated Messages :         13
#     Number of Waived Messages          :         10
#     Number of Reported Messages        :          3
#     Number of Overlimit Messages       :          0
#
#     Total Number of Waivers                            :          3
#     Number of Waivers Applied                          :          3
#     Number of Waivers with Regex and/or wildcard       :          0
#     Number of Waivers with -rule                       :          3
#     Number of Waivers with line number and/or file info:          0
#     Number of Waive -IP commands                       :          0
#
#
################################################################################

WAIVER REPORT:
+++++++++++++++++++++++++++++++++++++++++++++++++++++++++++++++++++++++++++++++

Design Issues Waiver Report
+++++++++++++++++++++++++++++++++++++++++++++++++++++++++++++++++++++++++++++++

Waiver comment : Created by ICer on 25-Sep-2026 02:51:48
waive -rule "W287b" 
#spg_backref : "/home/ICer/Labs/SYSTEM/spyglass/waived.awl" 12

7 message(s) waived:
===============================================================================
Index    Rule  Severity File                Line Wt Message
===============================================================================
[4]      W287b Warning  ../rtl/SYSTEM_TOP.v 208  5  Instance output port 'Carry_Flag' is not connected
[5]      W287b Warning  ../rtl/SYSTEM_TOP.v 209  5  Instance output port 'Arith_Flag' is not connected
[6]      W287b Warning  ../rtl/SYSTEM_TOP.v 210  5  Instance output port 'Logic_Flag' is not connected
[7]      W287b Warning  ../rtl/SYSTEM_TOP.v 211  5  Instance output port 'Shift_Flag' is not connected
[8]      W287b Warning  ../rtl/SYSTEM_TOP.v 213  5  Instance output port 'CMP_Flag' is not connected
[9]      W287b Warning  ../rtl/SYSTEM_TOP.v 228  5  Instance output port 'par_err' is not connected
[A]      W287b Warning  ../rtl/SYSTEM_TOP.v 229  5  Instance output port 'stp_err' is not connected
===============================================================================

Waiver comment : Created by ICer on 25-Sep-2026 02:51:58
waive -rule "InferLatch" 
#spg_backref : "/home/ICer/Labs/SYSTEM/spyglass/waived.awl" 13

1 message(s) waived:
===============================================================================
Index    Rule       Severity File             Line Wt Message
===============================================================================
[10]     InferLatch Error    ../rtl/CLKGATE.v 9    5  Latch inferred for signal 'LATCHED_CLK' in module 'CLKGATE'
===============================================================================

Waiver comment : Created by ICer on 25-Sep-2026 02:52:14
waive -rule "checkCMD_dirfile03" 
#spg_backref : "/home/ICer/Labs/SYSTEM/spyglass/waived.awl" 14

2 message(s) waived:
===============================================================================
Index    Rule               Severity File Line Wt Message
===============================================================================
[0]      checkCMD_dirfile03 Warning  N.A. 0    10 Option '+incdir': Directory specification ''../rtl'' does not exists. Reason:No such file or directory
[1]      checkCMD_dirfile03 Warning  N.A. 0    10 Option '+incdir': Directory specification ''./rtl'' does not exists. Reason:No such file or directory
===============================================================================

